Component: ARM Compiler 5.06 update 6 (build 750) Tool: armlink [4d35ed]

==============================================================================

Section Cross References

    mian.o(i.main) refers to usart1.o(i.usart_init) for usart_init
    mian.o(i.main) refers to f2d.o(x$fpl$f2d) for __aeabi_f2d
    mian.o(i.main) refers to daddsub_clz.o(x$fpl$dadd) for __aeabi_dadd
    mian.o(i.main) refers to d2f.o(x$fpl$d2f) for __aeabi_d2f
    mian.o(i.main) refers to sin.o(i.sin) for sin
    mian.o(i.main) refers to daddsub_clz.o(x$fpl$dsub) for __aeabi_dsub
    mian.o(i.main) refers to ano.o(i.ANO_send) for ANO_send
    mian.o(i.main) refers to mian.o(i.delay) for delay
    usart1.o(i.PcTx_Byte) refers (Special) to use_no_semi_2.o(.text) for __use_no_semihosting
    usart1.o(i.PcTx_String) refers (Special) to use_no_semi_2.o(.text) for __use_no_semihosting
    usart1.o(i.PcTx_String) refers to usart1.o(i.PcTx_Byte) for PcTx_Byte
    usart1.o(i.Task_Pc) refers (Special) to use_no_semi_2.o(.text) for __use_no_semihosting
    usart1.o(i.Task_Pc) refers to rt_memclr.o(.text) for __aeabi_memclr
    usart1.o(i.Task_Pc) refers to usart1.o(.data) for Rx_End
    usart1.o(i.Task_Pc) refers to usart1.o(.bss) for Rx_Buf
    usart1.o(i.USART1_IRQHandler) refers (Special) to use_no_semi_2.o(.text) for __use_no_semihosting
    usart1.o(i.USART1_IRQHandler) refers to usart1.o(.data) for Rx_End
    usart1.o(i.USART1_IRQHandler) refers to usart1.o(.bss) for Rx_Buf
    usart1.o(i._sys_exit) refers (Special) to use_no_semi_2.o(.text) for __use_no_semihosting
    usart1.o(i.fputc) refers (Special) to use_no_semi_2.o(.text) for __use_no_semihosting
    usart1.o(i.usart_init) refers (Special) to use_no_semi_2.o(.text) for __use_no_semihosting
    usart1.o(i.usart_init) refers to fflt_clz.o(x$fpl$ffltu) for __aeabi_ui2f
    usart1.o(i.usart_init) refers to fdiv.o(x$fpl$fdiv) for __aeabi_fdiv
    usart1.o(i.usart_init) refers to ffixu.o(x$fpl$ffixu) for __aeabi_f2uiz
    usart1.o(i.usart_init) refers to faddsub_clz.o(x$fpl$frsb) for __aeabi_frsub
    usart1.o(i.usart_init) refers to fmul.o(x$fpl$fmul) for __aeabi_fmul
    usart1.o(i.usart_init) refers to faddsub_clz.o(x$fpl$fadd) for __aeabi_fadd
    usart1.o(.bss) refers (Special) to use_no_semi_2.o(.text) for __use_no_semihosting
    usart1.o(.data) refers (Special) to use_no_semi_2.o(.text) for __use_no_semihosting
    ano.o(i.ANO_report) refers to rt_memclr_w.o(.text) for __aeabi_memclr4
    ano.o(i.ANO_report) refers to usart1.o(i.PcTx_Byte) for PcTx_Byte
    ano.o(i.ANO_send) refers to rt_memclr_w.o(.text) for __aeabi_memclr4
    ano.o(i.ANO_send) refers to ano.o(i.ANO_report) for ANO_report
    startup_stm32f10x_md.o(STACK) refers (Special) to heapauxi.o(.text) for __use_two_region_memory
    startup_stm32f10x_md.o(HEAP) refers (Special) to heapauxi.o(.text) for __use_two_region_memory
    startup_stm32f10x_md.o(RESET) refers (Special) to heapauxi.o(.text) for __use_two_region_memory
    startup_stm32f10x_md.o(RESET) refers to startup_stm32f10x_md.o(STACK) for __initial_sp
    startup_stm32f10x_md.o(RESET) refers to startup_stm32f10x_md.o(.text) for Reset_Handler
    startup_stm32f10x_md.o(RESET) refers to usart1.o(i.USART1_IRQHandler) for USART1_IRQHandler
    startup_stm32f10x_md.o(.text) refers (Special) to heapauxi.o(.text) for __use_two_region_memory
    startup_stm32f10x_md.o(.text) refers to system_stm32f10x.o(i.SystemInit) for SystemInit
    startup_stm32f10x_md.o(.text) refers to __main.o(!!!main) for __main
    startup_stm32f10x_md.o(.text) refers to startup_stm32f10x_md.o(HEAP) for Heap_Mem
    startup_stm32f10x_md.o(.text) refers to startup_stm32f10x_md.o(STACK) for Stack_Mem
    system_stm32f10x.o(i.SetSysClock) refers to system_stm32f10x.o(i.SetSysClockTo72) for SetSysClockTo72
    system_stm32f10x.o(i.SystemCoreClockUpdate) refers to system_stm32f10x.o(.data) for SystemCoreClock
    system_stm32f10x.o(i.SystemInit) refers to system_stm32f10x.o(i.SetSysClock) for SetSysClock
    use_no_semi_2.o(.text) refers (Special) to use_no_semi.o(.text) for __use_no_semihosting_swi
    rt_memclr.o(.text) refers to rt_memclr_w.o(.text) for _memset_w
    __main.o(!!!main) refers to __rtentry.o(.ARM.Collect$$rtentry$$00000000) for __rt_entry
    d2f.o(x$fpl$d2f) refers (Special) to usenofp.o(x$fpl$usenofp) for __I$use$fp
    d2f.o(x$fpl$d2f) refers to fretinf.o(x$fpl$fretinf) for __fpl_fretinf
    d2f.o(x$fpl$d2f) refers to dnaninf.o(x$fpl$dnaninf) for __fpl_dnaninf
    daddsub_clz.o(x$fpl$dadd) refers (Special) to usenofp.o(x$fpl$usenofp) for __I$use$fp
    daddsub_clz.o(x$fpl$dadd) refers to daddsub_clz.o(x$fpl$dsub) for _dsub1
    daddsub_clz.o(x$fpl$dadd) refers to dretinf.o(x$fpl$dretinf) for __fpl_dretinf
    daddsub_clz.o(x$fpl$dadd) refers to dnaninf.o(x$fpl$dnaninf) for __fpl_dnaninf
    daddsub_clz.o(x$fpl$drsb) refers (Special) to usenofp.o(x$fpl$usenofp) for __I$use$fp
    daddsub_clz.o(x$fpl$drsb) refers to daddsub_clz.o(x$fpl$dadd) for _dadd1
    daddsub_clz.o(x$fpl$drsb) refers to daddsub_clz.o(x$fpl$dsub) for _dsub1
    daddsub_clz.o(x$fpl$dsub) refers (Special) to usenofp.o(x$fpl$usenofp) for __I$use$fp
    daddsub_clz.o(x$fpl$dsub) refers to daddsub_clz.o(x$fpl$dadd) for _dadd1
    daddsub_clz.o(x$fpl$dsub) refers to dnaninf.o(x$fpl$dnaninf) for __fpl_dnaninf
    f2d.o(x$fpl$f2d) refers (Special) to usenofp.o(x$fpl$usenofp) for __I$use$fp
    f2d.o(x$fpl$f2d) refers to fnaninf.o(x$fpl$fnaninf) for __fpl_fnaninf
    f2d.o(x$fpl$f2d) refers to dretinf.o(x$fpl$dretinf) for __fpl_dretinf
    faddsub_clz.o(x$fpl$fadd) refers (Special) to usenofp.o(x$fpl$usenofp) for __I$use$fp
    faddsub_clz.o(x$fpl$fadd) refers to faddsub_clz.o(x$fpl$fsub) for _fsub1
    faddsub_clz.o(x$fpl$fadd) refers to fretinf.o(x$fpl$fretinf) for __fpl_fretinf
    faddsub_clz.o(x$fpl$fadd) refers to fnaninf.o(x$fpl$fnaninf) for __fpl_fnaninf
    faddsub_clz.o(x$fpl$frsb) refers (Special) to usenofp.o(x$fpl$usenofp) for __I$use$fp
    faddsub_clz.o(x$fpl$frsb) refers to faddsub_clz.o(x$fpl$fadd) for _fadd1
    faddsub_clz.o(x$fpl$frsb) refers to faddsub_clz.o(x$fpl$fsub) for _fsub1
    faddsub_clz.o(x$fpl$fsub) refers (Special) to usenofp.o(x$fpl$usenofp) for __I$use$fp
    faddsub_clz.o(x$fpl$fsub) refers to faddsub_clz.o(x$fpl$fadd) for _fadd1
    faddsub_clz.o(x$fpl$fsub) refers to fnaninf.o(x$fpl$fnaninf) for __fpl_fnaninf
    fdiv.o(x$fpl$frdiv) refers (Special) to usenofp.o(x$fpl$usenofp) for __I$use$fp
    fdiv.o(x$fpl$frdiv) refers to fdiv.o(x$fpl$fdiv) for _fdiv1
    fdiv.o(x$fpl$fdiv) refers (Special) to usenofp.o(x$fpl$usenofp) for __I$use$fp
    fdiv.o(x$fpl$fdiv) refers to fretinf.o(x$fpl$fretinf) for __fpl_fretinf
    fdiv.o(x$fpl$fdiv) refers to fnaninf.o(x$fpl$fnaninf) for __fpl_fnaninf
    ffixu.o(x$fpl$ffixu) refers (Special) to usenofp.o(x$fpl$usenofp) for __I$use$fp
    ffixu.o(x$fpl$ffixu) refers to fnaninf.o(x$fpl$fnaninf) for __fpl_fnaninf
    ffixu.o(x$fpl$ffixur) refers (Special) to usenofp.o(x$fpl$usenofp) for __I$use$fp
    ffixu.o(x$fpl$ffixur) refers to fnaninf.o(x$fpl$fnaninf) for __fpl_fnaninf
    fflt_clz.o(x$fpl$ffltu) refers (Special) to usenofp.o(x$fpl$usenofp) for __I$use$fp
    fflt_clz.o(x$fpl$fflt) refers (Special) to usenofp.o(x$fpl$usenofp) for __I$use$fp
    fflt_clz.o(x$fpl$ffltn) refers (Special) to usenofp.o(x$fpl$usenofp) for __I$use$fp
    fmul.o(x$fpl$fmul) refers (Special) to usenofp.o(x$fpl$usenofp) for __I$use$fp
    fmul.o(x$fpl$fmul) refers to fretinf.o(x$fpl$fretinf) for __fpl_fretinf
    fmul.o(x$fpl$fmul) refers to fnaninf.o(x$fpl$fnaninf) for __fpl_fnaninf
    sin.o(i.__softfp_sin) refers (Special) to usenofp.o(x$fpl$usenofp) for __I$use$fp
    sin.o(i.__softfp_sin) refers to sin.o(i.sin) for sin
    sin.o(i.sin) refers (Special) to usenofp.o(x$fpl$usenofp) for __I$use$fp
    sin.o(i.sin) refers to _rserrno.o(.text) for __set_errno
    sin.o(i.sin) refers to dunder.o(i.__mathlib_dbl_invalid) for __mathlib_dbl_invalid
    sin.o(i.sin) refers to dunder.o(i.__mathlib_dbl_infnan) for __mathlib_dbl_infnan
    sin.o(i.sin) refers to rred.o(i.__ieee754_rem_pio2) for __ieee754_rem_pio2
    sin.o(i.sin) refers to cos_i.o(i.__kernel_cos) for __kernel_cos
    sin.o(i.sin) refers to sin_i.o(i.__kernel_sin) for __kernel_sin
    sin_x.o(i.____softfp_sin$lsc) refers (Special) to usenofp.o(x$fpl$usenofp) for __I$use$fp
    sin_x.o(i.____softfp_sin$lsc) refers to sin_x.o(i.__sin$lsc) for __sin$lsc
    sin_x.o(i.__sin$lsc) refers (Special) to usenofp.o(x$fpl$usenofp) for __I$use$fp
    sin_x.o(i.__sin$lsc) refers to _rserrno.o(.text) for __set_errno
    sin_x.o(i.__sin$lsc) refers to dunder.o(i.__mathlib_dbl_infnan) for __mathlib_dbl_infnan
    sin_x.o(i.__sin$lsc) refers to rred.o(i.__ieee754_rem_pio2) for __ieee754_rem_pio2
    sin_x.o(i.__sin$lsc) refers to cos_i.o(i.__kernel_cos) for __kernel_cos
    sin_x.o(i.__sin$lsc) refers to sin_i.o(i.__kernel_sin) for __kernel_sin
    __rtentry.o(.ARM.Collect$$rtentry$$00000000) refers (Special) to __rtentry2.o(.ARM.Collect$$rtentry$$0000000A) for __rt_entry_li
    __rtentry.o(.ARM.Collect$$rtentry$$00000000) refers (Special) to __rtentry2.o(.ARM.Collect$$rtentry$$0000000D) for __rt_entry_main
    __rtentry.o(.ARM.Collect$$rtentry$$00000000) refers (Special) to __rtentry2.o(.ARM.Collect$$rtentry$$0000000C) for __rt_entry_postli_1
    __rtentry.o(.ARM.Collect$$rtentry$$00000000) refers (Special) to __rtentry2.o(.ARM.Collect$$rtentry$$00000009) for __rt_entry_postsh_1
    __rtentry.o(.ARM.Collect$$rtentry$$00000000) refers (Special) to __rtentry2.o(.ARM.Collect$$rtentry$$00000002) for __rt_entry_presh_1
    __rtentry.o(.ARM.Collect$$rtentry$$00000000) refers (Special) to __rtentry4.o(.ARM.Collect$$rtentry$$00000004) for __rt_entry_sh
    _rserrno.o(.text) refers to rt_errno_addr_intlibspace.o(.text) for __aeabi_errno_addr
    dnaninf.o(x$fpl$dnaninf) refers (Special) to usenofp.o(x$fpl$usenofp) for __I$use$fp
    dretinf.o(x$fpl$dretinf) refers (Special) to usenofp.o(x$fpl$usenofp) for __I$use$fp
    fnaninf.o(x$fpl$fnaninf) refers (Special) to usenofp.o(x$fpl$usenofp) for __I$use$fp
    fretinf.o(x$fpl$fretinf) refers (Special) to usenofp.o(x$fpl$usenofp) for __I$use$fp
    cos_i.o(i.__kernel_cos) refers (Special) to usenofp.o(x$fpl$usenofp) for __I$use$fp
    cos_i.o(i.__kernel_cos) refers to dfix.o(x$fpl$dfix) for __aeabi_d2iz
    cos_i.o(i.__kernel_cos) refers to dmul.o(x$fpl$dmul) for __aeabi_dmul
    cos_i.o(i.__kernel_cos) refers to poly.o(i.__kernel_poly) for __kernel_poly
    cos_i.o(i.__kernel_cos) refers to daddsub_clz.o(x$fpl$dsub) for __aeabi_dsub
    cos_i.o(i.__kernel_cos) refers to scalbn.o(x$fpl$scalbn) for __ARM_scalbn
    cos_i.o(i.__kernel_cos) refers to daddsub_clz.o(x$fpl$drsb) for __aeabi_drsub
    cos_i.o(i.__kernel_cos) refers to cos_i.o(.constdata) for .constdata
    cos_i.o(.constdata) refers (Special) to usenofp.o(x$fpl$usenofp) for __I$use$fp
    dunder.o(i.__mathlib_dbl_divzero) refers to ddiv.o(x$fpl$ddiv) for __aeabi_ddiv
    dunder.o(i.__mathlib_dbl_infnan) refers to scalbn.o(x$fpl$scalbn) for __ARM_scalbn
    dunder.o(i.__mathlib_dbl_infnan2) refers to daddsub_clz.o(x$fpl$dadd) for __aeabi_dadd
    dunder.o(i.__mathlib_dbl_invalid) refers to ddiv.o(x$fpl$ddiv) for __aeabi_ddiv
    dunder.o(i.__mathlib_dbl_overflow) refers to scalbn.o(x$fpl$scalbn) for __ARM_scalbn
    dunder.o(i.__mathlib_dbl_posinfnan) refers to dmul.o(x$fpl$dmul) for __aeabi_dmul
    dunder.o(i.__mathlib_dbl_underflow) refers to scalbn.o(x$fpl$scalbn) for __ARM_scalbn
    rred.o(i.__ieee754_rem_pio2) refers (Special) to usenofp.o(x$fpl$usenofp) for __I$use$fp
    rred.o(i.__ieee754_rem_pio2) refers to daddsub_clz.o(x$fpl$dsub) for __aeabi_dsub
    rred.o(i.__ieee754_rem_pio2) refers to daddsub_clz.o(x$fpl$dadd) for __aeabi_dadd
    rred.o(i.__ieee754_rem_pio2) refers to dmul.o(x$fpl$dmul) for __aeabi_dmul
    rred.o(i.__ieee754_rem_pio2) refers to dfix.o(x$fpl$dfix) for __aeabi_d2iz
    rred.o(i.__ieee754_rem_pio2) refers to dflt_clz.o(x$fpl$dflt) for __aeabi_i2d
    rred.o(i.__ieee754_rem_pio2) refers to daddsub_clz.o(x$fpl$drsb) for __aeabi_drsub
    rred.o(i.__ieee754_rem_pio2) refers to dflt_clz.o(x$fpl$dfltu) for __aeabi_ui2d
    rred.o(i.__ieee754_rem_pio2) refers to scalbn.o(x$fpl$scalbn) for __ARM_scalbn
    rred.o(i.__ieee754_rem_pio2) refers to rred.o(.constdata) for .constdata
    rred.o(i.__use_accurate_range_reduction) refers (Special) to usenofp.o(x$fpl$usenofp) for __I$use$fp
    rred.o(.constdata) refers (Special) to usenofp.o(x$fpl$usenofp) for __I$use$fp
    sin_i.o(i.__kernel_sin) refers (Special) to usenofp.o(x$fpl$usenofp) for __I$use$fp
    sin_i.o(i.__kernel_sin) refers to fpclassify.o(i.__ARM_fpclassify) for __ARM_fpclassify
    sin_i.o(i.__kernel_sin) refers to dunder.o(i.__mathlib_dbl_underflow) for __mathlib_dbl_underflow
    sin_i.o(i.__kernel_sin) refers to dmul.o(x$fpl$dmul) for __aeabi_dmul
    sin_i.o(i.__kernel_sin) refers to poly.o(i.__kernel_poly) for __kernel_poly
    sin_i.o(i.__kernel_sin) refers to scalbn.o(x$fpl$scalbn) for __ARM_scalbn
    sin_i.o(i.__kernel_sin) refers to daddsub_clz.o(x$fpl$dsub) for __aeabi_dsub
    sin_i.o(i.__kernel_sin) refers to daddsub_clz.o(x$fpl$drsb) for __aeabi_drsub
    sin_i.o(i.__kernel_sin) refers to daddsub_clz.o(x$fpl$dadd) for __aeabi_dadd
    sin_i.o(i.__kernel_sin) refers to sin_i.o(.constdata) for .constdata
    sin_i.o(.constdata) refers (Special) to usenofp.o(x$fpl$usenofp) for __I$use$fp
    sin_i_x.o(i.____kernel_sin$lsc) refers (Special) to usenofp.o(x$fpl$usenofp) for __I$use$fp
    sin_i_x.o(i.____kernel_sin$lsc) refers to dmul.o(x$fpl$dmul) for __aeabi_dmul
    sin_i_x.o(i.____kernel_sin$lsc) refers to poly.o(i.__kernel_poly) for __kernel_poly
    sin_i_x.o(i.____kernel_sin$lsc) refers to scalbn.o(x$fpl$scalbn) for __ARM_scalbn
    sin_i_x.o(i.____kernel_sin$lsc) refers to daddsub_clz.o(x$fpl$dsub) for __aeabi_dsub
    sin_i_x.o(i.____kernel_sin$lsc) refers to daddsub_clz.o(x$fpl$drsb) for __aeabi_drsub
    sin_i_x.o(i.____kernel_sin$lsc) refers to daddsub_clz.o(x$fpl$dadd) for __aeabi_dadd
    sin_i_x.o(i.____kernel_sin$lsc) refers to sin_i_x.o(.constdata) for .constdata
    sin_i_x.o(.constdata) refers (Special) to usenofp.o(x$fpl$usenofp) for __I$use$fp
    __rtentry2.o(.ARM.Collect$$rtentry$$00000008) refers to boardinit2.o(.text) for _platform_post_stackheap_init
    __rtentry2.o(.ARM.Collect$$rtentry$$0000000A) refers to libinit.o(.ARM.Collect$$libinit$$00000000) for __rt_lib_init
    __rtentry2.o(.ARM.Collect$$rtentry$$0000000B) refers to boardinit3.o(.text) for _platform_post_lib_init
    __rtentry2.o(.ARM.Collect$$rtentry$$0000000D) refers to mian.o(i.main) for main
    __rtentry2.o(.ARM.Collect$$rtentry$$0000000D) refers to exit.o(.text) for exit
    __rtentry2.o(.ARM.exidx) refers to __rtentry2.o(.ARM.Collect$$rtentry$$00000001) for .ARM.Collect$$rtentry$$00000001
    __rtentry2.o(.ARM.exidx) refers to __rtentry2.o(.ARM.Collect$$rtentry$$00000008) for .ARM.Collect$$rtentry$$00000008
    __rtentry2.o(.ARM.exidx) refers to __rtentry2.o(.ARM.Collect$$rtentry$$0000000A) for .ARM.Collect$$rtentry$$0000000A
    __rtentry2.o(.ARM.exidx) refers to __rtentry2.o(.ARM.Collect$$rtentry$$0000000B) for .ARM.Collect$$rtentry$$0000000B
    __rtentry2.o(.ARM.exidx) refers to __rtentry2.o(.ARM.Collect$$rtentry$$0000000D) for .ARM.Collect$$rtentry$$0000000D
    __rtentry4.o(.ARM.Collect$$rtentry$$00000004) refers to sys_stackheap_outer.o(.text) for __user_setup_stackheap
    __rtentry4.o(.ARM.exidx) refers to __rtentry4.o(.ARM.Collect$$rtentry$$00000004) for .ARM.Collect$$rtentry$$00000004
    rt_errno_addr.o(.text) refers to rt_errno_addr.o(.bss) for __aeabi_errno_addr_data
    rt_errno_addr_intlibspace.o(.text) refers to libspace.o(.bss) for __libspace_start
    ddiv.o(x$fpl$drdiv) refers (Special) to usenofp.o(x$fpl$usenofp) for __I$use$fp
    ddiv.o(x$fpl$drdiv) refers to ddiv.o(x$fpl$ddiv) for ddiv_entry
    ddiv.o(x$fpl$ddiv) refers (Special) to usenofp.o(x$fpl$usenofp) for __I$use$fp
    ddiv.o(x$fpl$ddiv) refers to dretinf.o(x$fpl$dretinf) for __fpl_dretinf
    ddiv.o(x$fpl$ddiv) refers to dnaninf.o(x$fpl$dnaninf) for __fpl_dnaninf
    dfix.o(x$fpl$dfix) refers (Special) to usenofp.o(x$fpl$usenofp) for __I$use$fp
    dfix.o(x$fpl$dfix) refers to dnaninf.o(x$fpl$dnaninf) for __fpl_dnaninf
    dfix.o(x$fpl$dfixr) refers (Special) to usenofp.o(x$fpl$usenofp) for __I$use$fp
    dfix.o(x$fpl$dfixr) refers to dnaninf.o(x$fpl$dnaninf) for __fpl_dnaninf
    dflt_clz.o(x$fpl$dfltu) refers (Special) to usenofp.o(x$fpl$usenofp) for __I$use$fp
    dflt_clz.o(x$fpl$dflt) refers (Special) to usenofp.o(x$fpl$usenofp) for __I$use$fp
    dflt_clz.o(x$fpl$dfltn) refers (Special) to usenofp.o(x$fpl$usenofp) for __I$use$fp
    dmul.o(x$fpl$dmul) refers (Special) to usenofp.o(x$fpl$usenofp) for __I$use$fp
    dmul.o(x$fpl$dmul) refers to dretinf.o(x$fpl$dretinf) for __fpl_dretinf
    dmul.o(x$fpl$dmul) refers to dnaninf.o(x$fpl$dnaninf) for __fpl_dnaninf
    scalbn.o(x$fpl$scalbn) refers (Special) to usenofp.o(x$fpl$usenofp) for __I$use$fp
    scalbn.o(x$fpl$scalbn) refers to dcheck1.o(x$fpl$dcheck1) for __fpl_dcheck_NaN1
    fpclassify.o(i.__ARM_fpclassify) refers (Special) to usenofp.o(x$fpl$usenofp) for __I$use$fp
    poly.o(i.__kernel_poly) refers (Special) to usenofp.o(x$fpl$usenofp) for __I$use$fp
    poly.o(i.__kernel_poly) refers to dmul.o(x$fpl$dmul) for __aeabi_dmul
    poly.o(i.__kernel_poly) refers to daddsub_clz.o(x$fpl$dadd) for __aeabi_dadd
    libspace.o(.text) refers to libspace.o(.bss) for __libspace_start
    sys_stackheap_outer.o(.text) refers to libspace.o(.text) for __user_perproc_libspace
    sys_stackheap_outer.o(.text) refers to startup_stm32f10x_md.o(.text) for __user_initial_stackheap
    exit.o(.text) refers to rtexit.o(.ARM.Collect$$rtexit$$00000000) for __rt_exit
    libinit.o(.ARM.Collect$$libinit$$00000000) refers (Special) to libinit2.o(.ARM.Collect$$libinit$$0000002E) for __rt_lib_init_alloca_1
    libinit.o(.ARM.Collect$$libinit$$00000000) refers (Special) to libinit2.o(.ARM.Collect$$libinit$$0000002C) for __rt_lib_init_argv_1
    libinit.o(.ARM.Collect$$libinit$$00000000) refers (Special) to libinit2.o(.ARM.Collect$$libinit$$0000001B) for __rt_lib_init_atexit_1
    libinit.o(.ARM.Collect$$libinit$$00000000) refers (Special) to libinit2.o(.ARM.Collect$$libinit$$00000021) for __rt_lib_init_clock_1
    libinit.o(.ARM.Collect$$libinit$$00000000) refers (Special) to libinit2.o(.ARM.Collect$$libinit$$00000032) for __rt_lib_init_cpp_1
    libinit.o(.ARM.Collect$$libinit$$00000000) refers (Special) to libinit2.o(.ARM.Collect$$libinit$$00000030) for __rt_lib_init_exceptions_1
    libinit.o(.ARM.Collect$$libinit$$00000000) refers (Special) to libinit2.o(.ARM.Collect$$libinit$$00000002) for __rt_lib_init_fp_1
    libinit.o(.ARM.Collect$$libinit$$00000000) refers (Special) to libinit2.o(.ARM.Collect$$libinit$$0000001F) for __rt_lib_init_fp_trap_1
    libinit.o(.ARM.Collect$$libinit$$00000000) refers (Special) to libinit2.o(.ARM.Collect$$libinit$$00000023) for __rt_lib_init_getenv_1
    libinit.o(.ARM.Collect$$libinit$$00000000) refers (Special) to libinit2.o(.ARM.Collect$$libinit$$0000000A) for __rt_lib_init_heap_1
    libinit.o(.ARM.Collect$$libinit$$00000000) refers (Special) to libinit2.o(.ARM.Collect$$libinit$$00000011) for __rt_lib_init_lc_collate_1
    libinit.o(.ARM.Collect$$libinit$$00000000) refers (Special) to libinit2.o(.ARM.Collect$$libinit$$00000013) for __rt_lib_init_lc_ctype_1
    libinit.o(.ARM.Collect$$libinit$$00000000) refers (Special) to libinit2.o(.ARM.Collect$$libinit$$00000015) for __rt_lib_init_lc_monetary_1
    libinit.o(.ARM.Collect$$libinit$$00000000) refers (Special) to libinit2.o(.ARM.Collect$$libinit$$00000017) for __rt_lib_init_lc_numeric_1
    libinit.o(.ARM.Collect$$libinit$$00000000) refers (Special) to libinit2.o(.ARM.Collect$$libinit$$00000019) for __rt_lib_init_lc_time_1
    libinit.o(.ARM.Collect$$libinit$$00000000) refers (Special) to libinit2.o(.ARM.Collect$$libinit$$00000004) for __rt_lib_init_preinit_1
    libinit.o(.ARM.Collect$$libinit$$00000000) refers (Special) to libinit2.o(.ARM.Collect$$libinit$$0000000E) for __rt_lib_init_rand_1
    libinit.o(.ARM.Collect$$libinit$$00000000) refers (Special) to libinit2.o(.ARM.Collect$$libinit$$00000033) for __rt_lib_init_return
    libinit.o(.ARM.Collect$$libinit$$00000000) refers (Special) to libinit2.o(.ARM.Collect$$libinit$$0000001D) for __rt_lib_init_signal_1
    libinit.o(.ARM.Collect$$libinit$$00000000) refers (Special) to libinit2.o(.ARM.Collect$$libinit$$00000025) for __rt_lib_init_stdio_1
    libinit.o(.ARM.Collect$$libinit$$00000000) refers (Special) to libinit2.o(.ARM.Collect$$libinit$$0000000C) for __rt_lib_init_user_alloc_1
    dcheck1.o(x$fpl$dcheck1) refers (Special) to usenofp.o(x$fpl$usenofp) for __I$use$fp
    dcheck1.o(x$fpl$dcheck1) refers to retnan.o(x$fpl$retnan) for __fpl_return_NaN
    rtexit.o(.ARM.Collect$$rtexit$$00000000) refers (Special) to rtexit2.o(.ARM.Collect$$rtexit$$00000004) for __rt_exit_exit
    rtexit.o(.ARM.Collect$$rtexit$$00000000) refers (Special) to rtexit2.o(.ARM.Collect$$rtexit$$00000003) for __rt_exit_ls
    rtexit.o(.ARM.Collect$$rtexit$$00000000) refers (Special) to rtexit2.o(.ARM.Collect$$rtexit$$00000002) for __rt_exit_prels_1
    rtexit.o(.ARM.exidx) refers (Special) to rtexit2.o(.ARM.Collect$$rtexit$$00000004) for __rt_exit_exit
    rtexit.o(.ARM.exidx) refers (Special) to rtexit2.o(.ARM.Collect$$rtexit$$00000003) for __rt_exit_ls
    rtexit.o(.ARM.exidx) refers (Special) to rtexit2.o(.ARM.Collect$$rtexit$$00000002) for __rt_exit_prels_1
    rtexit.o(.ARM.exidx) refers to rtexit.o(.ARM.Collect$$rtexit$$00000000) for .ARM.Collect$$rtexit$$00000000
    libinit2.o(.ARM.Collect$$libinit$$00000010) refers to libinit2.o(.ARM.Collect$$libinit$$0000000F) for .ARM.Collect$$libinit$$0000000F
    libinit2.o(.ARM.Collect$$libinit$$00000012) refers to libinit2.o(.ARM.Collect$$libinit$$0000000F) for .ARM.Collect$$libinit$$0000000F
    libinit2.o(.ARM.Collect$$libinit$$00000014) refers to libinit2.o(.ARM.Collect$$libinit$$0000000F) for .ARM.Collect$$libinit$$0000000F
    libinit2.o(.ARM.Collect$$libinit$$00000016) refers to libinit2.o(.ARM.Collect$$libinit$$0000000F) for .ARM.Collect$$libinit$$0000000F
    libinit2.o(.ARM.Collect$$libinit$$00000018) refers to libinit2.o(.ARM.Collect$$libinit$$0000000F) for .ARM.Collect$$libinit$$0000000F
    libinit2.o(.ARM.Collect$$libinit$$00000026) refers to argv_veneer.o(.emb_text) for __ARM_argv_veneer
    libinit2.o(.ARM.Collect$$libinit$$00000027) refers to argv_veneer.o(.emb_text) for __ARM_argv_veneer
    retnan.o(x$fpl$retnan) refers (Special) to usenofp.o(x$fpl$usenofp) for __I$use$fp
    retnan.o(x$fpl$retnan) refers to trapv.o(x$fpl$trapveneer) for __fpl_cmpreturn
    rtexit2.o(.ARM.Collect$$rtexit$$00000003) refers to libshutdown.o(.ARM.Collect$$libshutdown$$00000000) for __rt_lib_shutdown
    rtexit2.o(.ARM.Collect$$rtexit$$00000004) refers to usart1.o(i._sys_exit) for _sys_exit
    rtexit2.o(.ARM.exidx) refers to rtexit2.o(.ARM.Collect$$rtexit$$00000001) for .ARM.Collect$$rtexit$$00000001
    rtexit2.o(.ARM.exidx) refers to rtexit2.o(.ARM.Collect$$rtexit$$00000003) for .ARM.Collect$$rtexit$$00000003
    rtexit2.o(.ARM.exidx) refers to rtexit2.o(.ARM.Collect$$rtexit$$00000004) for .ARM.Collect$$rtexit$$00000004
    argv_veneer.o(.emb_text) refers to no_argv.o(.text) for __ARM_get_argv
    trapv.o(x$fpl$trapveneer) refers (Special) to usenofp.o(x$fpl$usenofp) for __I$use$fp
    _get_argv_nomalloc.o(.text) refers (Special) to hrguard.o(.text) for __heap_region$guard
    _get_argv_nomalloc.o(.text) refers to defsig_rtmem_outer.o(.text) for __rt_SIGRTMEM
    _get_argv_nomalloc.o(.text) refers to sys_command.o(.text) for _sys_command_string
    libshutdown.o(.ARM.Collect$$libshutdown$$00000000) refers (Special) to libshutdown2.o(.ARM.Collect$$libshutdown$$00000002) for __rt_lib_shutdown_cpp_1
    libshutdown.o(.ARM.Collect$$libshutdown$$00000000) refers (Special) to libshutdown2.o(.ARM.Collect$$libshutdown$$00000007) for __rt_lib_shutdown_fp_trap_1
    libshutdown.o(.ARM.Collect$$libshutdown$$00000000) refers (Special) to libshutdown2.o(.ARM.Collect$$libshutdown$$0000000F) for __rt_lib_shutdown_heap_1
    libshutdown.o(.ARM.Collect$$libshutdown$$00000000) refers (Special) to libshutdown2.o(.ARM.Collect$$libshutdown$$00000010) for __rt_lib_shutdown_return
    libshutdown.o(.ARM.Collect$$libshutdown$$00000000) refers (Special) to libshutdown2.o(.ARM.Collect$$libshutdown$$0000000A) for __rt_lib_shutdown_signal_1
    libshutdown.o(.ARM.Collect$$libshutdown$$00000000) refers (Special) to libshutdown2.o(.ARM.Collect$$libshutdown$$00000004) for __rt_lib_shutdown_stdio_1
    libshutdown.o(.ARM.Collect$$libshutdown$$00000000) refers (Special) to libshutdown2.o(.ARM.Collect$$libshutdown$$0000000C) for __rt_lib_shutdown_user_alloc_1
    sys_command.o(.text) refers (Special) to use_no_semi.o(.text) for __I$use$semihosting
    sys_command.o(.text) refers (Special) to indicate_semi.o(.text) for __semihosting_library_function
    defsig_rtmem_outer.o(.text) refers to defsig_rtmem_inner.o(.text) for __rt_SIGRTMEM_inner
    defsig_rtmem_outer.o(.text) refers to defsig_exit.o(.text) for __sig_exit
    defsig_rtmem_formal.o(.text) refers to rt_raise.o(.text) for __rt_raise
    rt_raise.o(.text) refers to __raise.o(.text) for __raise
    rt_raise.o(.text) refers to usart1.o(i._sys_exit) for _sys_exit
    defsig_exit.o(.text) refers to usart1.o(i._sys_exit) for _sys_exit
    defsig_rtmem_inner.o(.text) refers to defsig_general.o(.text) for __default_signal_display
    __raise.o(.text) refers to defsig.o(CL$$defsig) for __default_signal_handler
    defsig_general.o(.text) refers to sys_wrch.o(.text) for _ttywrch
    sys_wrch.o(.text) refers (Special) to use_no_semi.o(.text) for __I$use$semihosting
    sys_wrch.o(.text) refers (Special) to indicate_semi.o(.text) for __semihosting_library_function
    defsig.o(CL$$defsig) refers to defsig_rtmem_inner.o(.text) for __rt_SIGRTMEM_inner
    defsig_abrt_inner.o(.text) refers to defsig_general.o(.text) for __default_signal_display
    defsig_fpe_inner.o(.text) refers to defsig_general.o(.text) for __default_signal_display
    defsig_rtred_inner.o(.text) refers to defsig_general.o(.text) for __default_signal_display
    defsig_stak_inner.o(.text) refers to defsig_general.o(.text) for __default_signal_display
    defsig_pvfn_inner.o(.text) refers to defsig_general.o(.text) for __default_signal_display
    defsig_cppl_inner.o(.text) refers to defsig_general.o(.text) for __default_signal_display
    defsig_segv_inner.o(.text) refers to defsig_general.o(.text) for __default_signal_display
    defsig_other.o(.text) refers to defsig_general.o(.text) for __default_signal_display


==============================================================================

Removing Unused input sections from the image.

    Removing usart1.o(i.PcTx_String), (22 bytes).
    Removing usart1.o(i.Task_Pc), (44 bytes).
    Removing usart1.o(i.fputc), (28 bytes).
    Removing system_stm32f10x.o(i.SystemCoreClockUpdate), (164 bytes).
    Removing system_stm32f10x.o(.data), (20 bytes).

5 unused section(s) (total 278 bytes) removed from the image.

==============================================================================

Image Symbol Table

    Local Symbols

    Symbol Name                              Value     Ov Type        Size  Object(Section)

    ../clib/angel/boardlib.s                 0x00000000   Number         0  boardinit2.o ABSOLUTE
    ../clib/angel/boardlib.s                 0x00000000   Number         0  boardinit3.o ABSOLUTE
    ../clib/angel/boardlib.s                 0x00000000   Number         0  boardshut.o ABSOLUTE
    ../clib/angel/boardlib.s                 0x00000000   Number         0  boardinit1.o ABSOLUTE
    ../clib/angel/handlers.s                 0x00000000   Number         0  __scatter_zi.o ABSOLUTE
    ../clib/angel/handlers.s                 0x00000000   Number         0  __scatter_copy.o ABSOLUTE
    ../clib/angel/kernel.s                   0x00000000   Number         0  rtexit.o ABSOLUTE
    ../clib/angel/kernel.s                   0x00000000   Number         0  __rtentry.o ABSOLUTE
    ../clib/angel/kernel.s                   0x00000000   Number         0  rtexit2.o ABSOLUTE
    ../clib/angel/kernel.s                   0x00000000   Number         0  __rtentry2.o ABSOLUTE
    ../clib/angel/kernel.s                   0x00000000   Number         0  __rtentry4.o ABSOLUTE
    ../clib/angel/rt.s                       0x00000000   Number         0  rt_raise.o ABSOLUTE
    ../clib/angel/rt.s                       0x00000000   Number         0  rt_errno_addr_intlibspace.o ABSOLUTE
    ../clib/angel/rt.s                       0x00000000   Number         0  rt_errno_addr.o ABSOLUTE
    ../clib/angel/scatter.s                  0x00000000   Number         0  __scatter.o ABSOLUTE
    ../clib/angel/startup.s                  0x00000000   Number         0  __main.o ABSOLUTE
    ../clib/angel/sys.s                      0x00000000   Number         0  use_no_semi_2.o ABSOLUTE
    ../clib/angel/sys.s                      0x00000000   Number         0  sys_stackheap_outer.o ABSOLUTE
    ../clib/angel/sys.s                      0x00000000   Number         0  use_no_semi.o ABSOLUTE
    ../clib/angel/sys.s                      0x00000000   Number         0  libspace.o ABSOLUTE
    ../clib/angel/sys.s                      0x00000000   Number         0  indicate_semi.o ABSOLUTE
    ../clib/angel/sysapp.c                   0x00000000   Number         0  sys_wrch.o ABSOLUTE
    ../clib/angel/sysapp.c                   0x00000000   Number         0  sys_command.o ABSOLUTE
    ../clib/armsys.c                         0x00000000   Number         0  argv_veneer.o ABSOLUTE
    ../clib/armsys.c                         0x00000000   Number         0  argv_veneer.o ABSOLUTE
    ../clib/armsys.c                         0x00000000   Number         0  _get_argv_nomalloc.o ABSOLUTE
    ../clib/armsys.c                         0x00000000   Number         0  no_argv.o ABSOLUTE
    ../clib/fenv.c                           0x00000000   Number         0  _rserrno.o ABSOLUTE
    ../clib/heapalloc.c                      0x00000000   Number         0  hrguard.o ABSOLUTE
    ../clib/heapaux.c                        0x00000000   Number         0  heapauxi.o ABSOLUTE
    ../clib/libinit.s                        0x00000000   Number         0  libshutdown2.o ABSOLUTE
    ../clib/libinit.s                        0x00000000   Number         0  libinit.o ABSOLUTE
    ../clib/libinit.s                        0x00000000   Number         0  libinit2.o ABSOLUTE
    ../clib/libinit.s                        0x00000000   Number         0  libshutdown.o ABSOLUTE
    ../clib/memcpset.s                       0x00000000   Number         0  rt_memclr.o ABSOLUTE
    ../clib/memcpset.s                       0x00000000   Number         0  rt_memclr_w.o ABSOLUTE
    ../clib/signal.c                         0x00000000   Number         0  defsig_rtmem_formal.o ABSOLUTE
    ../clib/signal.c                         0x00000000   Number         0  defsig_other.o ABSOLUTE
    ../clib/signal.c                         0x00000000   Number         0  defsig_exit.o ABSOLUTE
    ../clib/signal.c                         0x00000000   Number         0  defsig_rtmem_inner.o ABSOLUTE
    ../clib/signal.c                         0x00000000   Number         0  __raise.o ABSOLUTE
    ../clib/signal.c                         0x00000000   Number         0  defsig_general.o ABSOLUTE
    ../clib/signal.c                         0x00000000   Number         0  defsig_abrt_inner.o ABSOLUTE
    ../clib/signal.c                         0x00000000   Number         0  defsig_fpe_inner.o ABSOLUTE
    ../clib/signal.c                         0x00000000   Number         0  defsig_stak_inner.o ABSOLUTE
    ../clib/signal.c                         0x00000000   Number         0  defsig_pvfn_inner.o ABSOLUTE
    ../clib/signal.c                         0x00000000   Number         0  defsig_rtred_inner.o ABSOLUTE
    ../clib/signal.c                         0x00000000   Number         0  defsig_cppl_inner.o ABSOLUTE
    ../clib/signal.c                         0x00000000   Number         0  defsig_segv_inner.o ABSOLUTE
    ../clib/signal.c                         0x00000000   Number         0  defsig_rtmem_outer.o ABSOLUTE
    ../clib/signal.s                         0x00000000   Number         0  defsig.o ABSOLUTE
    ../clib/stdlib.c                         0x00000000   Number         0  exit.o ABSOLUTE
    ../fplib/d2f.s                           0x00000000   Number         0  d2f.o ABSOLUTE
    ../fplib/daddsub.s                       0x00000000   Number         0  daddsub_clz.o ABSOLUTE
    ../fplib/dcheck1.s                       0x00000000   Number         0  dcheck1.o ABSOLUTE
    ../fplib/ddiv.s                          0x00000000   Number         0  ddiv.o ABSOLUTE
    ../fplib/dfix.s                          0x00000000   Number         0  dfix.o ABSOLUTE
    ../fplib/dflt.s                          0x00000000   Number         0  dflt_clz.o ABSOLUTE
    ../fplib/dmul.s                          0x00000000   Number         0  dmul.o ABSOLUTE
    ../fplib/dnaninf.s                       0x00000000   Number         0  dnaninf.o ABSOLUTE
    ../fplib/dretinf.s                       0x00000000   Number         0  dretinf.o ABSOLUTE
    ../fplib/f2d.s                           0x00000000   Number         0  f2d.o ABSOLUTE
    ../fplib/faddsub.s                       0x00000000   Number         0  faddsub_clz.o ABSOLUTE
    ../fplib/fdiv.s                          0x00000000   Number         0  fdiv.o ABSOLUTE
    ../fplib/ffixu.s                         0x00000000   Number         0  ffixu.o ABSOLUTE
    ../fplib/fflt.s                          0x00000000   Number         0  fflt_clz.o ABSOLUTE
    ../fplib/fmul.s                          0x00000000   Number         0  fmul.o ABSOLUTE
    ../fplib/fnaninf.s                       0x00000000   Number         0  fnaninf.o ABSOLUTE
    ../fplib/fpinit.s                        0x00000000   Number         0  fpinit.o ABSOLUTE
    ../fplib/fretinf.s                       0x00000000   Number         0  fretinf.o ABSOLUTE
    ../fplib/retnan.s                        0x00000000   Number         0  retnan.o ABSOLUTE
    ../fplib/scalbn.s                        0x00000000   Number         0  scalbn.o ABSOLUTE
    ../fplib/trapv.s                         0x00000000   Number         0  trapv.o ABSOLUTE
    ../fplib/usenofp.s                       0x00000000   Number         0  usenofp.o ABSOLUTE
    ../mathlib/cos_i.c                       0x00000000   Number         0  cos_i.o ABSOLUTE
    ../mathlib/dunder.c                      0x00000000   Number         0  dunder.o ABSOLUTE
    ../mathlib/fpclassify.c                  0x00000000   Number         0  fpclassify.o ABSOLUTE
    ../mathlib/poly.c                        0x00000000   Number         0  poly.o ABSOLUTE
    ../mathlib/rred.c                        0x00000000   Number         0  rred.o ABSOLUTE
    ../mathlib/sin.c                         0x00000000   Number         0  sin_x.o ABSOLUTE
    ../mathlib/sin.c                         0x00000000   Number         0  sin.o ABSOLUTE
    ../mathlib/sin_i.c                       0x00000000   Number         0  sin_i.o ABSOLUTE
    ../mathlib/sin_i.c                       0x00000000   Number         0  sin_i_x.o ABSOLUTE
    RTE\Device\STM32F103C8\startup_stm32f10x_md.s 0x00000000   Number         0  startup_stm32f10x_md.o ABSOLUTE
    RTE\Device\STM32F103C8\system_stm32f10x.c 0x00000000   Number         0  system_stm32f10x.o ABSOLUTE
    USER\src\ANO.c                           0x00000000   Number         0  ano.o ABSOLUTE
    USER\src\mian.c                          0x00000000   Number         0  mian.o ABSOLUTE
    USER\src\usart1.c                        0x00000000   Number         0  usart1.o ABSOLUTE
    dc.s                                     0x00000000   Number         0  dc.o ABSOLUTE
    RESET                                    0x08000000   Section      236  startup_stm32f10x_md.o(RESET)
    !!!main                                  0x080000ec   Section        8  __main.o(!!!main)
    !!!scatter                               0x080000f4   Section       52  __scatter.o(!!!scatter)
    !!handler_copy                           0x08000128   Section       26  __scatter_copy.o(!!handler_copy)
    !!handler_zi                             0x08000144   Section       28  __scatter_zi.o(!!handler_zi)
    .ARM.Collect$$libinit$$00000000          0x08000160   Section        2  libinit.o(.ARM.Collect$$libinit$$00000000)
    .ARM.Collect$$libinit$$00000002          0x08000162   Section        0  libinit2.o(.ARM.Collect$$libinit$$00000002)
    .ARM.Collect$$libinit$$00000004          0x08000162   Section        0  libinit2.o(.ARM.Collect$$libinit$$00000004)
    .ARM.Collect$$libinit$$0000000A          0x08000162   Section        0  libinit2.o(.ARM.Collect$$libinit$$0000000A)
    .ARM.Collect$$libinit$$0000000C          0x08000162   Section        0  libinit2.o(.ARM.Collect$$libinit$$0000000C)
    .ARM.Collect$$libinit$$0000000E          0x08000162   Section        0  libinit2.o(.ARM.Collect$$libinit$$0000000E)
    .ARM.Collect$$libinit$$00000011          0x08000162   Section        0  libinit2.o(.ARM.Collect$$libinit$$00000011)
    .ARM.Collect$$libinit$$00000013          0x08000162   Section        0  libinit2.o(.ARM.Collect$$libinit$$00000013)
    .ARM.Collect$$libinit$$00000015          0x08000162   Section        0  libinit2.o(.ARM.Collect$$libinit$$00000015)
    .ARM.Collect$$libinit$$00000017          0x08000162   Section        0  libinit2.o(.ARM.Collect$$libinit$$00000017)
    .ARM.Collect$$libinit$$00000019          0x08000162   Section        0  libinit2.o(.ARM.Collect$$libinit$$00000019)
    .ARM.Collect$$libinit$$0000001B          0x08000162   Section        0  libinit2.o(.ARM.Collect$$libinit$$0000001B)
    .ARM.Collect$$libinit$$0000001D          0x08000162   Section        0  libinit2.o(.ARM.Collect$$libinit$$0000001D)
    .ARM.Collect$$libinit$$0000001F          0x08000162   Section        0  libinit2.o(.ARM.Collect$$libinit$$0000001F)
    .ARM.Collect$$libinit$$00000021          0x08000162   Section        0  libinit2.o(.ARM.Collect$$libinit$$00000021)
    .ARM.Collect$$libinit$$00000023          0x08000162   Section        0  libinit2.o(.ARM.Collect$$libinit$$00000023)
    .ARM.Collect$$libinit$$00000025          0x08000162   Section        0  libinit2.o(.ARM.Collect$$libinit$$00000025)
    .ARM.Collect$$libinit$$0000002C          0x08000162   Section        0  libinit2.o(.ARM.Collect$$libinit$$0000002C)
    .ARM.Collect$$libinit$$0000002E          0x08000162   Section        0  libinit2.o(.ARM.Collect$$libinit$$0000002E)
    .ARM.Collect$$libinit$$00000030          0x08000162   Section        0  libinit2.o(.ARM.Collect$$libinit$$00000030)
    .ARM.Collect$$libinit$$00000032          0x08000162   Section        0  libinit2.o(.ARM.Collect$$libinit$$00000032)
    .ARM.Collect$$libinit$$00000033          0x08000162   Section        2  libinit2.o(.ARM.Collect$$libinit$$00000033)
    .ARM.Collect$$libshutdown$$00000000      0x08000164   Section        2  libshutdown.o(.ARM.Collect$$libshutdown$$00000000)
    .ARM.Collect$$libshutdown$$00000002      0x08000166   Section        0  libshutdown2.o(.ARM.Collect$$libshutdown$$00000002)
    .ARM.Collect$$libshutdown$$00000004      0x08000166   Section        0  libshutdown2.o(.ARM.Collect$$libshutdown$$00000004)
    .ARM.Collect$$libshutdown$$00000007      0x08000166   Section        0  libshutdown2.o(.ARM.Collect$$libshutdown$$00000007)
    .ARM.Collect$$libshutdown$$0000000A      0x08000166   Section        0  libshutdown2.o(.ARM.Collect$$libshutdown$$0000000A)
    .ARM.Collect$$libshutdown$$0000000C      0x08000166   Section        0  libshutdown2.o(.ARM.Collect$$libshutdown$$0000000C)
    .ARM.Collect$$libshutdown$$0000000F      0x08000166   Section        0  libshutdown2.o(.ARM.Collect$$libshutdown$$0000000F)
    .ARM.Collect$$libshutdown$$00000010      0x08000166   Section        2  libshutdown2.o(.ARM.Collect$$libshutdown$$00000010)
    .ARM.Collect$$rtentry$$00000000          0x08000168   Section        0  __rtentry.o(.ARM.Collect$$rtentry$$00000000)
    .ARM.Collect$$rtentry$$00000002          0x08000168   Section        0  __rtentry2.o(.ARM.Collect$$rtentry$$00000002)
    .ARM.Collect$$rtentry$$00000004          0x08000168   Section        6  __rtentry4.o(.ARM.Collect$$rtentry$$00000004)
    .ARM.Collect$$rtentry$$00000009          0x0800016e   Section        0  __rtentry2.o(.ARM.Collect$$rtentry$$00000009)
    .ARM.Collect$$rtentry$$0000000A          0x0800016e   Section        4  __rtentry2.o(.ARM.Collect$$rtentry$$0000000A)
    .ARM.Collect$$rtentry$$0000000C          0x08000172   Section        0  __rtentry2.o(.ARM.Collect$$rtentry$$0000000C)
    .ARM.Collect$$rtentry$$0000000D          0x08000172   Section        8  __rtentry2.o(.ARM.Collect$$rtentry$$0000000D)
    .ARM.Collect$$rtexit$$00000000           0x0800017a   Section        2  rtexit.o(.ARM.Collect$$rtexit$$00000000)
    .ARM.Collect$$rtexit$$00000002           0x0800017c   Section        0  rtexit2.o(.ARM.Collect$$rtexit$$00000002)
    .ARM.Collect$$rtexit$$00000003           0x0800017c   Section        4  rtexit2.o(.ARM.Collect$$rtexit$$00000003)
    .ARM.Collect$$rtexit$$00000004           0x08000180   Section        6  rtexit2.o(.ARM.Collect$$rtexit$$00000004)
    .text                                    0x08000188   Section       64  startup_stm32f10x_md.o(.text)
    .text                                    0x080001c8   Section        2  use_no_semi_2.o(.text)
    .text                                    0x080001ca   Section       78  rt_memclr_w.o(.text)
    .text                                    0x08000218   Section        0  heapauxi.o(.text)
    .text                                    0x0800021e   Section        2  use_no_semi.o(.text)
    .text                                    0x08000220   Section        0  _rserrno.o(.text)
    .text                                    0x08000238   Section        8  rt_errno_addr_intlibspace.o(.text)
    .text                                    0x08000240   Section        8  libspace.o(.text)
    .text                                    0x08000248   Section       74  sys_stackheap_outer.o(.text)
    .text                                    0x08000292   Section        0  exit.o(.text)
    i.ANO_report                             0x080002a4   Section        0  ano.o(i.ANO_report)
    i.ANO_send                               0x08000326   Section        0  ano.o(i.ANO_send)
    i.PcTx_Byte                              0x08000380   Section        0  usart1.o(i.PcTx_Byte)
    i.SetSysClock                            0x0800039c   Section        0  system_stm32f10x.o(i.SetSysClock)
    SetSysClock                              0x0800039d   Thumb Code     8  system_stm32f10x.o(i.SetSysClock)
    i.SetSysClockTo72                        0x080003a4   Section        0  system_stm32f10x.o(i.SetSysClockTo72)
    SetSysClockTo72                          0x080003a5   Thumb Code   214  system_stm32f10x.o(i.SetSysClockTo72)
    i.SystemInit                             0x08000484   Section        0  system_stm32f10x.o(i.SystemInit)
    i.USART1_IRQHandler                      0x080004e4   Section        0  usart1.o(i.USART1_IRQHandler)
    i.__ARM_fpclassify                       0x08000534   Section        0  fpclassify.o(i.__ARM_fpclassify)
    i.__ieee754_rem_pio2                     0x0800055c   Section        0  rred.o(i.__ieee754_rem_pio2)
    i.__kernel_cos                           0x080008e4   Section        0  cos_i.o(i.__kernel_cos)
    i.__kernel_poly                          0x080009e0   Section        0  poly.o(i.__kernel_poly)
    i.__kernel_sin                           0x08000a8c   Section        0  sin_i.o(i.__kernel_sin)
    i.__mathlib_dbl_infnan                   0x08000b78   Section        0  dunder.o(i.__mathlib_dbl_infnan)
    i.__mathlib_dbl_invalid                  0x08000b7e   Section        0  dunder.o(i.__mathlib_dbl_invalid)
    i.__mathlib_dbl_underflow                0x08000b8c   Section        0  dunder.o(i.__mathlib_dbl_underflow)
    i._sys_exit                              0x08000b9c   Section        0  usart1.o(i._sys_exit)
    i.delay                                  0x08000ba4   Section        0  mian.o(i.delay)
    i.main                                   0x08000bc4   Section        0  mian.o(i.main)
    i.sin                                    0x08000c74   Section        0  sin.o(i.sin)
    i.usart_init                             0x08000d14   Section        0  usart1.o(i.usart_init)
    x$fpl$d2f                                0x08000eb4   Section       98  d2f.o(x$fpl$d2f)
    x$fpl$dadd                               0x08000f18   Section      336  daddsub_clz.o(x$fpl$dadd)
    _dadd1                                   0x08000f29   Thumb Code     0  daddsub_clz.o(x$fpl$dadd)
    x$fpl$dcheck1                            0x08001068   Section       16  dcheck1.o(x$fpl$dcheck1)
    x$fpl$ddiv                               0x08001078   Section      688  ddiv.o(x$fpl$ddiv)
    ddiv_entry                               0x0800107f   Thumb Code     0  ddiv.o(x$fpl$ddiv)
    x$fpl$dfix                               0x08001328   Section       94  dfix.o(x$fpl$dfix)
    x$fpl$dflt                               0x08001386   Section       46  dflt_clz.o(x$fpl$dflt)
    x$fpl$dfltu                              0x080013b4   Section       38  dflt_clz.o(x$fpl$dfltu)
    x$fpl$dmul                               0x080013dc   Section      340  dmul.o(x$fpl$dmul)
    x$fpl$dnaninf                            0x08001530   Section      156  dnaninf.o(x$fpl$dnaninf)
    x$fpl$dretinf                            0x080015cc   Section       12  dretinf.o(x$fpl$dretinf)
    x$fpl$drsb                               0x080015d8   Section       22  daddsub_clz.o(x$fpl$drsb)
    x$fpl$dsub                               0x080015f0   Section      468  daddsub_clz.o(x$fpl$dsub)
    _dsub1                                   0x08001601   Thumb Code     0  daddsub_clz.o(x$fpl$dsub)
    x$fpl$f2d                                0x080017c4   Section       86  f2d.o(x$fpl$f2d)
    x$fpl$fadd                               0x0800181c   Section      196  faddsub_clz.o(x$fpl$fadd)
    _fadd1                                   0x0800182b   Thumb Code     0  faddsub_clz.o(x$fpl$fadd)
    x$fpl$fdiv                               0x080018e0   Section      388  fdiv.o(x$fpl$fdiv)
    _fdiv1                                   0x080018e1   Thumb Code     0  fdiv.o(x$fpl$fdiv)
    x$fpl$ffixu                              0x08001a64   Section       62  ffixu.o(x$fpl$ffixu)
    x$fpl$ffltu                              0x08001aa4   Section       38  fflt_clz.o(x$fpl$ffltu)
    x$fpl$fmul                               0x08001acc   Section      258  fmul.o(x$fpl$fmul)
    x$fpl$fnaninf                            0x08001bce   Section      140  fnaninf.o(x$fpl$fnaninf)
    x$fpl$fretinf                            0x08001c5a   Section       10  fretinf.o(x$fpl$fretinf)
    x$fpl$frsb                               0x08001c64   Section       20  faddsub_clz.o(x$fpl$frsb)
    x$fpl$fsub                               0x08001c78   Section      234  faddsub_clz.o(x$fpl$fsub)
    _fsub1                                   0x08001c87   Thumb Code     0  faddsub_clz.o(x$fpl$fsub)
    x$fpl$retnan                             0x08001d62   Section      100  retnan.o(x$fpl$retnan)
    x$fpl$scalbn                             0x08001dc6   Section       92  scalbn.o(x$fpl$scalbn)
    x$fpl$trapveneer                         0x08001e22   Section       48  trapv.o(x$fpl$trapveneer)
    x$fpl$usenofp                            0x08001e52   Section        0  usenofp.o(x$fpl$usenofp)
    .constdata                               0x08001e58   Section       48  cos_i.o(.constdata)
    C                                        0x08001e58   Data          48  cos_i.o(.constdata)
    .constdata                               0x08001e88   Section      200  rred.o(.constdata)
    pio2s                                    0x08001e88   Data          48  rred.o(.constdata)
    twooverpi                                0x08001eb8   Data         152  rred.o(.constdata)
    .constdata                               0x08001f50   Section       40  sin_i.o(.constdata)
    S                                        0x08001f50   Data          40  sin_i.o(.constdata)
    .data                                    0x20000000   Section       12  usart1.o(.data)
    .bss                                     0x2000000c   Section      512  usart1.o(.bss)
    .bss                                     0x2000020c   Section       96  libspace.o(.bss)
    HEAP                                     0x20000270   Section      512  startup_stm32f10x_md.o(HEAP)
    Heap_Mem                                 0x20000270   Data         512  startup_stm32f10x_md.o(HEAP)
    STACK                                    0x20000470   Section     1024  startup_stm32f10x_md.o(STACK)
    Stack_Mem                                0x20000470   Data        1024  startup_stm32f10x_md.o(STACK)
    __initial_sp                             0x20000870   Data           0  startup_stm32f10x_md.o(STACK)

    Global Symbols

    Symbol Name                              Value     Ov Type        Size  Object(Section)

    BuildAttributes$$THM_ISAv4$P$D$K$B$S$PE$A:L22UL41UL21$X:L11$S22US41US21$IEEE1$IW$USESV6$~STKCKD$USESV7$~SHL$OTIME$ROPI$IEEEX$EBA8$UX$STANDARDLIB$REQ8$PRES8$EABIv2 0x00000000   Number         0  anon$$obj.o ABSOLUTE
    __ARM_use_no_argv                        0x00000000   Number         0  mian.o ABSOLUTE
    __ARM_exceptions_init                     - Undefined Weak Reference
    __alloca_initialize                       - Undefined Weak Reference
    __arm_preinit_                            - Undefined Weak Reference
    __cpp_initialize__aeabi_                  - Undefined Weak Reference
    __cxa_finalize                            - Undefined Weak Reference
    __rt_locale                               - Undefined Weak Reference
    __sigvec_lookup                           - Undefined Weak Reference
    _atexit_init                              - Undefined Weak Reference
    _call_atexit_fns                          - Undefined Weak Reference
    _clock_init                               - Undefined Weak Reference
    _fp_trap_init                             - Undefined Weak Reference
    _fp_trap_shutdown                         - Undefined Weak Reference
    _get_lc_collate                           - Undefined Weak Reference
    _get_lc_ctype                             - Undefined Weak Reference
    _get_lc_monetary                          - Undefined Weak Reference
    _get_lc_numeric                           - Undefined Weak Reference
    _get_lc_time                              - Undefined Weak Reference
    _getenv_init                              - Undefined Weak Reference
    _handle_redirection                       - Undefined Weak Reference
    _init_alloc                               - Undefined Weak Reference
    _init_user_alloc                          - Undefined Weak Reference
    _initio                                   - Undefined Weak Reference
    _rand_init                                - Undefined Weak Reference
    _signal_finish                            - Undefined Weak Reference
    _signal_init                              - Undefined Weak Reference
    _terminate_alloc                          - Undefined Weak Reference
    _terminate_user_alloc                     - Undefined Weak Reference
    _terminateio                              - Undefined Weak Reference
    __Vectors_Size                           0x000000ec   Number         0  startup_stm32f10x_md.o ABSOLUTE
    __Vectors                                0x08000000   Data           4  startup_stm32f10x_md.o(RESET)
    __Vectors_End                            0x080000ec   Data           0  startup_stm32f10x_md.o(RESET)
    __main                                   0x080000ed   Thumb Code     8  __main.o(!!!main)
    __scatterload                            0x080000f5   Thumb Code     0  __scatter.o(!!!scatter)
    __scatterload_rt2                        0x080000f5   Thumb Code    44  __scatter.o(!!!scatter)
    __scatterload_rt2_thumb_only             0x080000f5   Thumb Code     0  __scatter.o(!!!scatter)
    __scatterload_null                       0x08000103   Thumb Code     0  __scatter.o(!!!scatter)
    __scatterload_copy                       0x08000129   Thumb Code    26  __scatter_copy.o(!!handler_copy)
    __scatterload_zeroinit                   0x08000145   Thumb Code    28  __scatter_zi.o(!!handler_zi)
    __rt_lib_init                            0x08000161   Thumb Code     0  libinit.o(.ARM.Collect$$libinit$$00000000)
    __rt_lib_init_alloca_1                   0x08000163   Thumb Code     0  libinit2.o(.ARM.Collect$$libinit$$0000002E)
    __rt_lib_init_argv_1                     0x08000163   Thumb Code     0  libinit2.o(.ARM.Collect$$libinit$$0000002C)
    __rt_lib_init_atexit_1                   0x08000163   Thumb Code     0  libinit2.o(.ARM.Collect$$libinit$$0000001B)
    __rt_lib_init_clock_1                    0x08000163   Thumb Code     0  libinit2.o(.ARM.Collect$$libinit$$00000021)
    __rt_lib_init_cpp_1                      0x08000163   Thumb Code     0  libinit2.o(.ARM.Collect$$libinit$$00000032)
    __rt_lib_init_exceptions_1               0x08000163   Thumb Code     0  libinit2.o(.ARM.Collect$$libinit$$00000030)
    __rt_lib_init_fp_1                       0x08000163   Thumb Code     0  libinit2.o(.ARM.Collect$$libinit$$00000002)
    __rt_lib_init_fp_trap_1                  0x08000163   Thumb Code     0  libinit2.o(.ARM.Collect$$libinit$$0000001F)
    __rt_lib_init_getenv_1                   0x08000163   Thumb Code     0  libinit2.o(.ARM.Collect$$libinit$$00000023)
    __rt_lib_init_heap_1                     0x08000163   Thumb Code     0  libinit2.o(.ARM.Collect$$libinit$$0000000A)
    __rt_lib_init_lc_collate_1               0x08000163   Thumb Code     0  libinit2.o(.ARM.Collect$$libinit$$00000011)
    __rt_lib_init_lc_ctype_1                 0x08000163   Thumb Code     0  libinit2.o(.ARM.Collect$$libinit$$00000013)
    __rt_lib_init_lc_monetary_1              0x08000163   Thumb Code     0  libinit2.o(.ARM.Collect$$libinit$$00000015)
    __rt_lib_init_lc_numeric_1               0x08000163   Thumb Code     0  libinit2.o(.ARM.Collect$$libinit$$00000017)
    __rt_lib_init_lc_time_1                  0x08000163   Thumb Code     0  libinit2.o(.ARM.Collect$$libinit$$00000019)
    __rt_lib_init_preinit_1                  0x08000163   Thumb Code     0  libinit2.o(.ARM.Collect$$libinit$$00000004)
    __rt_lib_init_rand_1                     0x08000163   Thumb Code     0  libinit2.o(.ARM.Collect$$libinit$$0000000E)
    __rt_lib_init_return                     0x08000163   Thumb Code     0  libinit2.o(.ARM.Collect$$libinit$$00000033)
    __rt_lib_init_signal_1                   0x08000163   Thumb Code     0  libinit2.o(.ARM.Collect$$libinit$$0000001D)
    __rt_lib_init_stdio_1                    0x08000163   Thumb Code     0  libinit2.o(.ARM.Collect$$libinit$$00000025)
    __rt_lib_init_user_alloc_1               0x08000163   Thumb Code     0  libinit2.o(.ARM.Collect$$libinit$$0000000C)
    __rt_lib_shutdown                        0x08000165   Thumb Code     0  libshutdown.o(.ARM.Collect$$libshutdown$$00000000)
    __rt_lib_shutdown_cpp_1                  0x08000167   Thumb Code     0  libshutdown2.o(.ARM.Collect$$libshutdown$$00000002)
    __rt_lib_shutdown_fp_trap_1              0x08000167   Thumb Code     0  libshutdown2.o(.ARM.Collect$$libshutdown$$00000007)
    __rt_lib_shutdown_heap_1                 0x08000167   Thumb Code     0  libshutdown2.o(.ARM.Collect$$libshutdown$$0000000F)
    __rt_lib_shutdown_return                 0x08000167   Thumb Code     0  libshutdown2.o(.ARM.Collect$$libshutdown$$00000010)
    __rt_lib_shutdown_signal_1               0x08000167   Thumb Code     0  libshutdown2.o(.ARM.Collect$$libshutdown$$0000000A)
    __rt_lib_shutdown_stdio_1                0x08000167   Thumb Code     0  libshutdown2.o(.ARM.Collect$$libshutdown$$00000004)
    __rt_lib_shutdown_user_alloc_1           0x08000167   Thumb Code     0  libshutdown2.o(.ARM.Collect$$libshutdown$$0000000C)
    __rt_entry                               0x08000169   Thumb Code     0  __rtentry.o(.ARM.Collect$$rtentry$$00000000)
    __rt_entry_presh_1                       0x08000169   Thumb Code     0  __rtentry2.o(.ARM.Collect$$rtentry$$00000002)
    __rt_entry_sh                            0x08000169   Thumb Code     0  __rtentry4.o(.ARM.Collect$$rtentry$$00000004)
    __rt_entry_li                            0x0800016f   Thumb Code     0  __rtentry2.o(.ARM.Collect$$rtentry$$0000000A)
    __rt_entry_postsh_1                      0x0800016f   Thumb Code     0  __rtentry2.o(.ARM.Collect$$rtentry$$00000009)
    __rt_entry_main                          0x08000173   Thumb Code     0  __rtentry2.o(.ARM.Collect$$rtentry$$0000000D)
    __rt_entry_postli_1                      0x08000173   Thumb Code     0  __rtentry2.o(.ARM.Collect$$rtentry$$0000000C)
    __rt_exit                                0x0800017b   Thumb Code     0  rtexit.o(.ARM.Collect$$rtexit$$00000000)
    __rt_exit_ls                             0x0800017d   Thumb Code     0  rtexit2.o(.ARM.Collect$$rtexit$$00000003)
    __rt_exit_prels_1                        0x0800017d   Thumb Code     0  rtexit2.o(.ARM.Collect$$rtexit$$00000002)
    __rt_exit_exit                           0x08000181   Thumb Code     0  rtexit2.o(.ARM.Collect$$rtexit$$00000004)
    Reset_Handler                            0x08000189   Thumb Code     8  startup_stm32f10x_md.o(.text)
    NMI_Handler                              0x08000191   Thumb Code     2  startup_stm32f10x_md.o(.text)
    HardFault_Handler                        0x08000193   Thumb Code     2  startup_stm32f10x_md.o(.text)
    MemManage_Handler                        0x08000195   Thumb Code     2  startup_stm32f10x_md.o(.text)
    BusFault_Handler                         0x08000197   Thumb Code     2  startup_stm32f10x_md.o(.text)
    UsageFault_Handler                       0x08000199   Thumb Code     2  startup_stm32f10x_md.o(.text)
    SVC_Handler                              0x0800019b   Thumb Code     2  startup_stm32f10x_md.o(.text)
    DebugMon_Handler                         0x0800019d   Thumb Code     2  startup_stm32f10x_md.o(.text)
    PendSV_Handler                           0x0800019f   Thumb Code     2  startup_stm32f10x_md.o(.text)
    SysTick_Handler                          0x080001a1   Thumb Code     2  startup_stm32f10x_md.o(.text)
    ADC1_2_IRQHandler                        0x080001a3   Thumb Code     0  startup_stm32f10x_md.o(.text)
    CAN1_RX1_IRQHandler                      0x080001a3   Thumb Code     0  startup_stm32f10x_md.o(.text)
    CAN1_SCE_IRQHandler                      0x080001a3   Thumb Code     0  startup_stm32f10x_md.o(.text)
    DMA1_Channel1_IRQHandler                 0x080001a3   Thumb Code     0  startup_stm32f10x_md.o(.text)
    DMA1_Channel2_IRQHandler                 0x080001a3   Thumb Code     0  startup_stm32f10x_md.o(.text)
    DMA1_Channel3_IRQHandler                 0x080001a3   Thumb Code     0  startup_stm32f10x_md.o(.text)
    DMA1_Channel4_IRQHandler                 0x080001a3   Thumb Code     0  startup_stm32f10x_md.o(.text)
    DMA1_Channel5_IRQHandler                 0x080001a3   Thumb Code     0  startup_stm32f10x_md.o(.text)
    DMA1_Channel6_IRQHandler                 0x080001a3   Thumb Code     0  startup_stm32f10x_md.o(.text)
    DMA1_Channel7_IRQHandler                 0x080001a3   Thumb Code     0  startup_stm32f10x_md.o(.text)
    EXTI0_IRQHandler                         0x080001a3   Thumb Code     0  startup_stm32f10x_md.o(.text)
    EXTI15_10_IRQHandler                     0x080001a3   Thumb Code     0  startup_stm32f10x_md.o(.text)
    EXTI1_IRQHandler                         0x080001a3   Thumb Code     0  startup_stm32f10x_md.o(.text)
    EXTI2_IRQHandler                         0x080001a3   Thumb Code     0  startup_stm32f10x_md.o(.text)
    EXTI3_IRQHandler                         0x080001a3   Thumb Code     0  startup_stm32f10x_md.o(.text)
    EXTI4_IRQHandler                         0x080001a3   Thumb Code     0  startup_stm32f10x_md.o(.text)
    EXTI9_5_IRQHandler                       0x080001a3   Thumb Code     0  startup_stm32f10x_md.o(.text)
    FLASH_IRQHandler                         0x080001a3   Thumb Code     0  startup_stm32f10x_md.o(.text)
    I2C1_ER_IRQHandler                       0x080001a3   Thumb Code     0  startup_stm32f10x_md.o(.text)
    I2C1_EV_IRQHandler                       0x080001a3   Thumb Code     0  startup_stm32f10x_md.o(.text)
    I2C2_ER_IRQHandler                       0x080001a3   Thumb Code     0  startup_stm32f10x_md.o(.text)
    I2C2_EV_IRQHandler                       0x080001a3   Thumb Code     0  startup_stm32f10x_md.o(.text)
    PVD_IRQHandler                           0x080001a3   Thumb Code     0  startup_stm32f10x_md.o(.text)
    RCC_IRQHandler                           0x080001a3   Thumb Code     0  startup_stm32f10x_md.o(.text)
    RTCAlarm_IRQHandler                      0x080001a3   Thumb Code     0  startup_stm32f10x_md.o(.text)
    RTC_IRQHandler                           0x080001a3   Thumb Code     0  startup_stm32f10x_md.o(.text)
    SPI1_IRQHandler                          0x080001a3   Thumb Code     0  startup_stm32f10x_md.o(.text)
    SPI2_IRQHandler                          0x080001a3   Thumb Code     0  startup_stm32f10x_md.o(.text)
    TAMPER_IRQHandler                        0x080001a3   Thumb Code     0  startup_stm32f10x_md.o(.text)
    TIM1_BRK_IRQHandler                      0x080001a3   Thumb Code     0  startup_stm32f10x_md.o(.text)
    TIM1_CC_IRQHandler                       0x080001a3   Thumb Code     0  startup_stm32f10x_md.o(.text)
    TIM1_TRG_COM_IRQHandler                  0x080001a3   Thumb Code     0  startup_stm32f10x_md.o(.text)
    TIM1_UP_IRQHandler                       0x080001a3   Thumb Code     0  startup_stm32f10x_md.o(.text)
    TIM2_IRQHandler                          0x080001a3   Thumb Code     0  startup_stm32f10x_md.o(.text)
    TIM3_IRQHandler                          0x080001a3   Thumb Code     0  startup_stm32f10x_md.o(.text)
    TIM4_IRQHandler                          0x080001a3   Thumb Code     0  startup_stm32f10x_md.o(.text)
    USART2_IRQHandler                        0x080001a3   Thumb Code     0  startup_stm32f10x_md.o(.text)
    USART3_IRQHandler                        0x080001a3   Thumb Code     0  startup_stm32f10x_md.o(.text)
    USBWakeUp_IRQHandler                     0x080001a3   Thumb Code     0  startup_stm32f10x_md.o(.text)
    USB_HP_CAN1_TX_IRQHandler                0x080001a3   Thumb Code     0  startup_stm32f10x_md.o(.text)
    USB_LP_CAN1_RX0_IRQHandler               0x080001a3   Thumb Code     0  startup_stm32f10x_md.o(.text)
    WWDG_IRQHandler                          0x080001a3   Thumb Code     0  startup_stm32f10x_md.o(.text)
    __user_initial_stackheap                 0x080001a5   Thumb Code     0  startup_stm32f10x_md.o(.text)
    __use_no_semihosting                     0x080001c9   Thumb Code     2  use_no_semi_2.o(.text)
    __aeabi_memclr4                          0x080001cb   Thumb Code     0  rt_memclr_w.o(.text)
    __aeabi_memclr8                          0x080001cb   Thumb Code     0  rt_memclr_w.o(.text)
    __rt_memclr_w                            0x080001cb   Thumb Code    78  rt_memclr_w.o(.text)
    _memset_w                                0x080001cf   Thumb Code     0  rt_memclr_w.o(.text)
    __use_two_region_memory                  0x08000219   Thumb Code     2  heapauxi.o(.text)
    __rt_heap_escrow$2region                 0x0800021b   Thumb Code     2  heapauxi.o(.text)
    __rt_heap_expand$2region                 0x0800021d   Thumb Code     2  heapauxi.o(.text)
    __I$use$semihosting                      0x0800021f   Thumb Code     0  use_no_semi.o(.text)
    __use_no_semihosting_swi                 0x0800021f   Thumb Code     2  use_no_semi.o(.text)
    __read_errno                             0x08000221   Thumb Code    10  _rserrno.o(.text)
    __set_errno                              0x0800022b   Thumb Code    12  _rserrno.o(.text)
    __aeabi_errno_addr                       0x08000239   Thumb Code     8  rt_errno_addr_intlibspace.o(.text)
    __errno$intlibspace                      0x08000239   Thumb Code     0  rt_errno_addr_intlibspace.o(.text)
    __rt_errno_addr$intlibspace              0x08000239   Thumb Code     0  rt_errno_addr_intlibspace.o(.text)
    __user_libspace                          0x08000241   Thumb Code     8  libspace.o(.text)
    __user_perproc_libspace                  0x08000241   Thumb Code     0  libspace.o(.text)
    __user_perthread_libspace                0x08000241   Thumb Code     0  libspace.o(.text)
    __user_setup_stackheap                   0x08000249   Thumb Code    74  sys_stackheap_outer.o(.text)
    exit                                     0x08000293   Thumb Code    18  exit.o(.text)
    ANO_report                               0x080002a5   Thumb Code   130  ano.o(i.ANO_report)
    ANO_send                                 0x08000327   Thumb Code    88  ano.o(i.ANO_send)
    PcTx_Byte                                0x08000381   Thumb Code    22  usart1.o(i.PcTx_Byte)
    SystemInit                               0x08000485   Thumb Code    78  system_stm32f10x.o(i.SystemInit)
    USART1_IRQHandler                        0x080004e5   Thumb Code    58  usart1.o(i.USART1_IRQHandler)
    __ARM_fpclassify                         0x08000535   Thumb Code    40  fpclassify.o(i.__ARM_fpclassify)
    __ieee754_rem_pio2                       0x0800055d   Thumb Code   828  rred.o(i.__ieee754_rem_pio2)
    __kernel_cos                             0x080008e5   Thumb Code   230  cos_i.o(i.__kernel_cos)
    __kernel_poly                            0x080009e1   Thumb Code   170  poly.o(i.__kernel_poly)
    __kernel_sin                             0x08000a8d   Thumb Code   224  sin_i.o(i.__kernel_sin)
    __mathlib_dbl_infnan                     0x08000b79   Thumb Code     6  dunder.o(i.__mathlib_dbl_infnan)
    __mathlib_dbl_invalid                    0x08000b7f   Thumb Code    12  dunder.o(i.__mathlib_dbl_invalid)
    __mathlib_dbl_underflow                  0x08000b8d   Thumb Code    10  dunder.o(i.__mathlib_dbl_underflow)
    _sys_exit                                0x08000b9d   Thumb Code     8  usart1.o(i._sys_exit)
    delay                                    0x08000ba5   Thumb Code    30  mian.o(i.delay)
    main                                     0x08000bc5   Thumb Code   164  mian.o(i.main)
    sin                                      0x08000c75   Thumb Code   150  sin.o(i.sin)
    usart_init                               0x08000d15   Thumb Code   390  usart1.o(i.usart_init)
    __aeabi_d2f                              0x08000eb5   Thumb Code     0  d2f.o(x$fpl$d2f)
    _d2f                                     0x08000eb5   Thumb Code    98  d2f.o(x$fpl$d2f)
    __aeabi_dadd                             0x08000f19   Thumb Code     0  daddsub_clz.o(x$fpl$dadd)
    _dadd                                    0x08000f19   Thumb Code   332  daddsub_clz.o(x$fpl$dadd)
    __fpl_dcheck_NaN1                        0x08001069   Thumb Code    10  dcheck1.o(x$fpl$dcheck1)
    __aeabi_ddiv                             0x08001079   Thumb Code     0  ddiv.o(x$fpl$ddiv)
    _ddiv                                    0x08001079   Thumb Code   552  ddiv.o(x$fpl$ddiv)
    __aeabi_d2iz                             0x08001329   Thumb Code     0  dfix.o(x$fpl$dfix)
    _dfix                                    0x08001329   Thumb Code    94  dfix.o(x$fpl$dfix)
    __aeabi_i2d                              0x08001387   Thumb Code     0  dflt_clz.o(x$fpl$dflt)
    _dflt                                    0x08001387   Thumb Code    46  dflt_clz.o(x$fpl$dflt)
    __aeabi_ui2d                             0x080013b5   Thumb Code     0  dflt_clz.o(x$fpl$dfltu)
    _dfltu                                   0x080013b5   Thumb Code    38  dflt_clz.o(x$fpl$dfltu)
    __aeabi_dmul                             0x080013dd   Thumb Code     0  dmul.o(x$fpl$dmul)
    _dmul                                    0x080013dd   Thumb Code   332  dmul.o(x$fpl$dmul)
    __fpl_dnaninf                            0x08001531   Thumb Code   156  dnaninf.o(x$fpl$dnaninf)
    __fpl_dretinf                            0x080015cd   Thumb Code    12  dretinf.o(x$fpl$dretinf)
    __aeabi_drsub                            0x080015d9   Thumb Code     0  daddsub_clz.o(x$fpl$drsb)
    _drsb                                    0x080015d9   Thumb Code    22  daddsub_clz.o(x$fpl$drsb)
    __aeabi_dsub                             0x080015f1   Thumb Code     0  daddsub_clz.o(x$fpl$dsub)
    _dsub                                    0x080015f1   Thumb Code   464  daddsub_clz.o(x$fpl$dsub)
    __aeabi_f2d                              0x080017c5   Thumb Code     0  f2d.o(x$fpl$f2d)
    _f2d                                     0x080017c5   Thumb Code    86  f2d.o(x$fpl$f2d)
    __aeabi_fadd                             0x0800181d   Thumb Code     0  faddsub_clz.o(x$fpl$fadd)
    _fadd                                    0x0800181d   Thumb Code   196  faddsub_clz.o(x$fpl$fadd)
    __aeabi_fdiv                             0x080018e1   Thumb Code     0  fdiv.o(x$fpl$fdiv)
    _fdiv                                    0x080018e1   Thumb Code   384  fdiv.o(x$fpl$fdiv)
    __aeabi_f2uiz                            0x08001a65   Thumb Code     0  ffixu.o(x$fpl$ffixu)
    _ffixu                                   0x08001a65   Thumb Code    62  ffixu.o(x$fpl$ffixu)
    __aeabi_ui2f                             0x08001aa5   Thumb Code     0  fflt_clz.o(x$fpl$ffltu)
    _ffltu                                   0x08001aa5   Thumb Code    38  fflt_clz.o(x$fpl$ffltu)
    __aeabi_fmul                             0x08001acd   Thumb Code     0  fmul.o(x$fpl$fmul)
    _fmul                                    0x08001acd   Thumb Code   258  fmul.o(x$fpl$fmul)
    __fpl_fnaninf                            0x08001bcf   Thumb Code   140  fnaninf.o(x$fpl$fnaninf)
    __fpl_fretinf                            0x08001c5b   Thumb Code    10  fretinf.o(x$fpl$fretinf)
    __aeabi_frsub                            0x08001c65   Thumb Code     0  faddsub_clz.o(x$fpl$frsb)
    _frsb                                    0x08001c65   Thumb Code    20  faddsub_clz.o(x$fpl$frsb)
    __aeabi_fsub                             0x08001c79   Thumb Code     0  faddsub_clz.o(x$fpl$fsub)
    _fsub                                    0x08001c79   Thumb Code   234  faddsub_clz.o(x$fpl$fsub)
    __fpl_return_NaN                         0x08001d63   Thumb Code   100  retnan.o(x$fpl$retnan)
    __ARM_scalbn                             0x08001dc7   Thumb Code    92  scalbn.o(x$fpl$scalbn)
    __fpl_cmpreturn                          0x08001e23   Thumb Code    48  trapv.o(x$fpl$trapveneer)
    __I$use$fp                               0x08001e52   Number         0  usenofp.o(x$fpl$usenofp)
    Region$$Table$$Base                      0x08001f78   Number         0  anon$$obj.o(Region$$Table)
    Region$$Table$$Limit                     0x08001f98   Number         0  anon$$obj.o(Region$$Table)
    Rx_End                                   0x20000000   Data           2  usart1.o(.data)
    Rx_Len                                   0x20000002   Data           2  usart1.o(.data)
    Rx_Tm                                    0x20000004   Data           2  usart1.o(.data)
    __stdout                                 0x20000008   Data           4  usart1.o(.data)
    Rx_Buf                                   0x2000000c   Data         512  usart1.o(.bss)
    __libspace_start                         0x2000020c   Data          96  libspace.o(.bss)
    __temporary_stack_top$libspace           0x2000026c   Data           0  libspace.o(.bss)



==============================================================================

Memory Map of the image

  Image Entry point : 0x080000ed

  Load Region LR_IROM1 (Base: 0x08000000, Size: 0x00001fa4, Max: 0x00010000, ABSOLUTE)

    Execution Region ER_IROM1 (Exec base: 0x08000000, Load base: 0x08000000, Size: 0x00001f98, Max: 0x00010000, ABSOLUTE)

    Exec Addr    Load Addr    Size         Type   Attr      Idx    E Section Name        Object

    0x08000000   0x08000000   0x000000ec   Data   RO          157    RESET               startup_stm32f10x_md.o
    0x080000ec   0x080000ec   0x00000008   Code   RO          207  * !!!main             c_w.l(__main.o)
    0x080000f4   0x080000f4   0x00000034   Code   RO          474    !!!scatter          c_w.l(__scatter.o)
    0x08000128   0x08000128   0x0000001a   Code   RO          476    !!handler_copy      c_w.l(__scatter_copy.o)
    0x08000142   0x08000142   0x00000002   PAD
    0x08000144   0x08000144   0x0000001c   Code   RO          478    !!handler_zi        c_w.l(__scatter_zi.o)
    0x08000160   0x08000160   0x00000002   Code   RO          345    .ARM.Collect$$libinit$$00000000  c_w.l(libinit.o)
    0x08000162   0x08000162   0x00000000   Code   RO          351    .ARM.Collect$$libinit$$00000002  c_w.l(libinit2.o)
    0x08000162   0x08000162   0x00000000   Code   RO          353    .ARM.Collect$$libinit$$00000004  c_w.l(libinit2.o)
    0x08000162   0x08000162   0x00000000   Code   RO          356    .ARM.Collect$$libinit$$0000000A  c_w.l(libinit2.o)
    0x08000162   0x08000162   0x00000000   Code   RO          358    .ARM.Collect$$libinit$$0000000C  c_w.l(libinit2.o)
    0x08000162   0x08000162   0x00000000   Code   RO          360    .ARM.Collect$$libinit$$0000000E  c_w.l(libinit2.o)
    0x08000162   0x08000162   0x00000000   Code   RO          363    .ARM.Collect$$libinit$$00000011  c_w.l(libinit2.o)
    0x08000162   0x08000162   0x00000000   Code   RO          365    .ARM.Collect$$libinit$$00000013  c_w.l(libinit2.o)
    0x08000162   0x08000162   0x00000000   Code   RO          367    .ARM.Collect$$libinit$$00000015  c_w.l(libinit2.o)
    0x08000162   0x08000162   0x00000000   Code   RO          369    .ARM.Collect$$libinit$$00000017  c_w.l(libinit2.o)
    0x08000162   0x08000162   0x00000000   Code   RO          371    .ARM.Collect$$libinit$$00000019  c_w.l(libinit2.o)
    0x08000162   0x08000162   0x00000000   Code   RO          373    .ARM.Collect$$libinit$$0000001B  c_w.l(libinit2.o)
    0x08000162   0x08000162   0x00000000   Code   RO          375    .ARM.Collect$$libinit$$0000001D  c_w.l(libinit2.o)
    0x08000162   0x08000162   0x00000000   Code   RO          377    .ARM.Collect$$libinit$$0000001F  c_w.l(libinit2.o)
    0x08000162   0x08000162   0x00000000   Code   RO          379    .ARM.Collect$$libinit$$00000021  c_w.l(libinit2.o)
    0x08000162   0x08000162   0x00000000   Code   RO          381    .ARM.Collect$$libinit$$00000023  c_w.l(libinit2.o)
    0x08000162   0x08000162   0x00000000   Code   RO          383    .ARM.Collect$$libinit$$00000025  c_w.l(libinit2.o)
    0x08000162   0x08000162   0x00000000   Code   RO          387    .ARM.Collect$$libinit$$0000002C  c_w.l(libinit2.o)
    0x08000162   0x08000162   0x00000000   Code   RO          389    .ARM.Collect$$libinit$$0000002E  c_w.l(libinit2.o)
    0x08000162   0x08000162   0x00000000   Code   RO          391    .ARM.Collect$$libinit$$00000030  c_w.l(libinit2.o)
    0x08000162   0x08000162   0x00000000   Code   RO          393    .ARM.Collect$$libinit$$00000032  c_w.l(libinit2.o)
    0x08000162   0x08000162   0x00000002   Code   RO          394    .ARM.Collect$$libinit$$00000033  c_w.l(libinit2.o)
    0x08000164   0x08000164   0x00000002   Code   RO          416    .ARM.Collect$$libshutdown$$00000000  c_w.l(libshutdown.o)
    0x08000166   0x08000166   0x00000000   Code   RO          426    .ARM.Collect$$libshutdown$$00000002  c_w.l(libshutdown2.o)
    0x08000166   0x08000166   0x00000000   Code   RO          428    .ARM.Collect$$libshutdown$$00000004  c_w.l(libshutdown2.o)
    0x08000166   0x08000166   0x00000000   Code   RO          431    .ARM.Collect$$libshutdown$$00000007  c_w.l(libshutdown2.o)
    0x08000166   0x08000166   0x00000000   Code   RO          434    .ARM.Collect$$libshutdown$$0000000A  c_w.l(libshutdown2.o)
    0x08000166   0x08000166   0x00000000   Code   RO          436    .ARM.Collect$$libshutdown$$0000000C  c_w.l(libshutdown2.o)
    0x08000166   0x08000166   0x00000000   Code   RO          439    .ARM.Collect$$libshutdown$$0000000F  c_w.l(libshutdown2.o)
    0x08000166   0x08000166   0x00000002   Code   RO          440    .ARM.Collect$$libshutdown$$00000010  c_w.l(libshutdown2.o)
    0x08000168   0x08000168   0x00000000   Code   RO          251    .ARM.Collect$$rtentry$$00000000  c_w.l(__rtentry.o)
    0x08000168   0x08000168   0x00000000   Code   RO          292    .ARM.Collect$$rtentry$$00000002  c_w.l(__rtentry2.o)
    0x08000168   0x08000168   0x00000006   Code   RO          304    .ARM.Collect$$rtentry$$00000004  c_w.l(__rtentry4.o)
    0x0800016e   0x0800016e   0x00000000   Code   RO          294    .ARM.Collect$$rtentry$$00000009  c_w.l(__rtentry2.o)
    0x0800016e   0x0800016e   0x00000004   Code   RO          295    .ARM.Collect$$rtentry$$0000000A  c_w.l(__rtentry2.o)
    0x08000172   0x08000172   0x00000000   Code   RO          297    .ARM.Collect$$rtentry$$0000000C  c_w.l(__rtentry2.o)
    0x08000172   0x08000172   0x00000008   Code   RO          298    .ARM.Collect$$rtentry$$0000000D  c_w.l(__rtentry2.o)
    0x0800017a   0x0800017a   0x00000002   Code   RO          348    .ARM.Collect$$rtexit$$00000000  c_w.l(rtexit.o)
    0x0800017c   0x0800017c   0x00000000   Code   RO          398    .ARM.Collect$$rtexit$$00000002  c_w.l(rtexit2.o)
    0x0800017c   0x0800017c   0x00000004   Code   RO          399    .ARM.Collect$$rtexit$$00000003  c_w.l(rtexit2.o)
    0x08000180   0x08000180   0x00000006   Code   RO          400    .ARM.Collect$$rtexit$$00000004  c_w.l(rtexit2.o)
    0x08000186   0x08000186   0x00000002   PAD
    0x08000188   0x08000188   0x00000040   Code   RO          158    .text               startup_stm32f10x_md.o
    0x080001c8   0x080001c8   0x00000002   Code   RO          199    .text               c_w.l(use_no_semi_2.o)
    0x080001ca   0x080001ca   0x0000004e   Code   RO          203    .text               c_w.l(rt_memclr_w.o)
    0x08000218   0x08000218   0x00000006   Code   RO          205    .text               c_w.l(heapauxi.o)
    0x0800021e   0x0800021e   0x00000002   Code   RO          249    .text               c_w.l(use_no_semi.o)
    0x08000220   0x08000220   0x00000016   Code   RO          252    .text               c_w.l(_rserrno.o)
    0x08000236   0x08000236   0x00000002   PAD
    0x08000238   0x08000238   0x00000008   Code   RO          309    .text               c_w.l(rt_errno_addr_intlibspace.o)
    0x08000240   0x08000240   0x00000008   Code   RO          333    .text               c_w.l(libspace.o)
    0x08000248   0x08000248   0x0000004a   Code   RO          336    .text               c_w.l(sys_stackheap_outer.o)
    0x08000292   0x08000292   0x00000012   Code   RO          338    .text               c_w.l(exit.o)
    0x080002a4   0x080002a4   0x00000082   Code   RO          116    i.ANO_report        ano.o
    0x08000326   0x08000326   0x00000058   Code   RO          117    i.ANO_send          ano.o
    0x0800037e   0x0800037e   0x00000002   PAD
    0x08000380   0x08000380   0x0000001c   Code   RO           50    i.PcTx_Byte         usart1.o
    0x0800039c   0x0800039c   0x00000008   Code   RO          163    i.SetSysClock       system_stm32f10x.o
    0x080003a4   0x080003a4   0x000000e0   Code   RO          164    i.SetSysClockTo72   system_stm32f10x.o
    0x08000484   0x08000484   0x00000060   Code   RO          166    i.SystemInit        system_stm32f10x.o
    0x080004e4   0x080004e4   0x00000050   Code   RO           53    i.USART1_IRQHandler  usart1.o
    0x08000534   0x08000534   0x00000028   Code   RO          329    i.__ARM_fpclassify  m_ws.l(fpclassify.o)
    0x0800055c   0x0800055c   0x00000388   Code   RO          280    i.__ieee754_rem_pio2  m_ws.l(rred.o)
    0x080008e4   0x080008e4   0x000000fc   Code   RO          263    i.__kernel_cos      m_ws.l(cos_i.o)
    0x080009e0   0x080009e0   0x000000aa   Code   RO          331    i.__kernel_poly     m_ws.l(poly.o)
    0x08000a8a   0x08000a8a   0x00000002   PAD
    0x08000a8c   0x08000a8c   0x000000ec   Code   RO          285    i.__kernel_sin      m_ws.l(sin_i.o)
    0x08000b78   0x08000b78   0x00000006   Code   RO          267    i.__mathlib_dbl_infnan  m_ws.l(dunder.o)
    0x08000b7e   0x08000b7e   0x0000000c   Code   RO          269    i.__mathlib_dbl_invalid  m_ws.l(dunder.o)
    0x08000b8a   0x08000b8a   0x00000002   PAD
    0x08000b8c   0x08000b8c   0x00000010   Code   RO          272    i.__mathlib_dbl_underflow  m_ws.l(dunder.o)
    0x08000b9c   0x08000b9c   0x00000008   Code   RO           54    i._sys_exit         usart1.o
    0x08000ba4   0x08000ba4   0x0000001e   Code   RO            1    i.delay             mian.o
    0x08000bc2   0x08000bc2   0x00000002   PAD
    0x08000bc4   0x08000bc4   0x000000b0   Code   RO            2    i.main              mian.o
    0x08000c74   0x08000c74   0x000000a0   Code   RO          242    i.sin               m_ws.l(sin.o)
    0x08000d14   0x08000d14   0x000001a0   Code   RO           56    i.usart_init        usart1.o
    0x08000eb4   0x08000eb4   0x00000062   Code   RO          209    x$fpl$d2f           fz_ws.l(d2f.o)
    0x08000f16   0x08000f16   0x00000002   PAD
    0x08000f18   0x08000f18   0x00000150   Code   RO          211    x$fpl$dadd          fz_ws.l(daddsub_clz.o)
    0x08001068   0x08001068   0x00000010   Code   RO          346    x$fpl$dcheck1       fz_ws.l(dcheck1.o)
    0x08001078   0x08001078   0x000002b0   Code   RO          312    x$fpl$ddiv          fz_ws.l(ddiv.o)
    0x08001328   0x08001328   0x0000005e   Code   RO          315    x$fpl$dfix          fz_ws.l(dfix.o)
    0x08001386   0x08001386   0x0000002e   Code   RO          320    x$fpl$dflt          fz_ws.l(dflt_clz.o)
    0x080013b4   0x080013b4   0x00000026   Code   RO          319    x$fpl$dfltu         fz_ws.l(dflt_clz.o)
    0x080013da   0x080013da   0x00000002   PAD
    0x080013dc   0x080013dc   0x00000154   Code   RO          325    x$fpl$dmul          fz_ws.l(dmul.o)
    0x08001530   0x08001530   0x0000009c   Code   RO          254    x$fpl$dnaninf       fz_ws.l(dnaninf.o)
    0x080015cc   0x080015cc   0x0000000c   Code   RO          256    x$fpl$dretinf       fz_ws.l(dretinf.o)
    0x080015d8   0x080015d8   0x00000016   Code   RO          212    x$fpl$drsb          fz_ws.l(daddsub_clz.o)
    0x080015ee   0x080015ee   0x00000002   PAD
    0x080015f0   0x080015f0   0x000001d4   Code   RO          213    x$fpl$dsub          fz_ws.l(daddsub_clz.o)
    0x080017c4   0x080017c4   0x00000056   Code   RO          217    x$fpl$f2d           fz_ws.l(f2d.o)
    0x0800181a   0x0800181a   0x00000002   PAD
    0x0800181c   0x0800181c   0x000000c4   Code   RO          219    x$fpl$fadd          fz_ws.l(faddsub_clz.o)
    0x080018e0   0x080018e0   0x00000184   Code   RO          226    x$fpl$fdiv          fz_ws.l(fdiv.o)
    0x08001a64   0x08001a64   0x0000003e   Code   RO          229    x$fpl$ffixu         fz_ws.l(ffixu.o)
    0x08001aa2   0x08001aa2   0x00000002   PAD
    0x08001aa4   0x08001aa4   0x00000026   Code   RO          233    x$fpl$ffltu         fz_ws.l(fflt_clz.o)
    0x08001aca   0x08001aca   0x00000002   PAD
    0x08001acc   0x08001acc   0x00000102   Code   RO          239    x$fpl$fmul          fz_ws.l(fmul.o)
    0x08001bce   0x08001bce   0x0000008c   Code   RO          258    x$fpl$fnaninf       fz_ws.l(fnaninf.o)
    0x08001c5a   0x08001c5a   0x0000000a   Code   RO          260    x$fpl$fretinf       fz_ws.l(fretinf.o)
    0x08001c64   0x08001c64   0x00000014   Code   RO          220    x$fpl$frsb          fz_ws.l(faddsub_clz.o)
    0x08001c78   0x08001c78   0x000000ea   Code   RO          221    x$fpl$fsub          fz_ws.l(faddsub_clz.o)
    0x08001d62   0x08001d62   0x00000064   Code   RO          395    x$fpl$retnan        fz_ws.l(retnan.o)
    0x08001dc6   0x08001dc6   0x0000005c   Code   RO          327    x$fpl$scalbn        fz_ws.l(scalbn.o)
    0x08001e22   0x08001e22   0x00000030   Code   RO          408    x$fpl$trapveneer    fz_ws.l(trapv.o)
    0x08001e52   0x08001e52   0x00000000   Code   RO          262    x$fpl$usenofp       fz_ws.l(usenofp.o)
    0x08001e52   0x08001e52   0x00000006   PAD
    0x08001e58   0x08001e58   0x00000030   Data   RO          264    .constdata          m_ws.l(cos_i.o)
    0x08001e88   0x08001e88   0x000000c8   Data   RO          282    .constdata          m_ws.l(rred.o)
    0x08001f50   0x08001f50   0x00000028   Data   RO          286    .constdata          m_ws.l(sin_i.o)
    0x08001f78   0x08001f78   0x00000020   Data   RO          472    Region$$Table       anon$$obj.o


    Execution Region RW_IRAM1 (Exec base: 0x20000000, Load base: 0x08001f98, Size: 0x00000870, Max: 0x00005000, ABSOLUTE)

    Exec Addr    Load Addr    Size         Type   Attr      Idx    E Section Name        Object

    0x20000000   0x08001f98   0x0000000c   Data   RW           58    .data               usart1.o
    0x2000000c        -       0x00000200   Zero   RW           57    .bss                usart1.o
    0x2000020c        -       0x00000060   Zero   RW          334    .bss                c_w.l(libspace.o)
    0x2000026c   0x08001fa4   0x00000004   PAD
    0x20000270        -       0x00000200   Zero   RW          156    HEAP                startup_stm32f10x_md.o
    0x20000470        -       0x00000400   Zero   RW          155    STACK               startup_stm32f10x_md.o


==============================================================================

Image component sizes


      Code (inc. data)   RO Data    RW Data    ZI Data      Debug   Object Name

       218          0          0          0          0       2084   ano.o
       206         12          0          0          0     207247   mian.o
        64         26        236          0       1536        808   startup_stm32f10x_md.o
       328         28          0          0          0       1797   system_stm32f10x.o
       532         54          0         12        512      19177   usart1.o

    ----------------------------------------------------------------------
      1352        120        268         12       2048     231113   Object Totals
         0          0         32          0          0          0   (incl. Generated)
         4          0          0          0          0          0   (incl. Padding)

    ----------------------------------------------------------------------

      Code (inc. data)   RO Data    RW Data    ZI Data      Debug   Library Member Name

         8          0          0          0          0         68   __main.o
         0          0          0          0          0          0   __rtentry.o
        12          0          0          0          0          0   __rtentry2.o
         6          0          0          0          0          0   __rtentry4.o
        52          8          0          0          0          0   __scatter.o
        26          0          0          0          0          0   __scatter_copy.o
        28          0          0          0          0          0   __scatter_zi.o
        22          0          0          0          0        100   _rserrno.o
        18          0          0          0          0         80   exit.o
         6          0          0          0          0        152   heapauxi.o
         2          0          0          0          0          0   libinit.o
         2          0          0          0          0          0   libinit2.o
         2          0          0          0          0          0   libshutdown.o
         2          0          0          0          0          0   libshutdown2.o
         8          4          0          0         96         68   libspace.o
         8          4          0          0          0         68   rt_errno_addr_intlibspace.o
        78          0          0          0          0         80   rt_memclr_w.o
         2          0          0          0          0          0   rtexit.o
        10          0          0          0          0          0   rtexit2.o
        74          0          0          0          0         80   sys_stackheap_outer.o
         2          0          0          0          0         68   use_no_semi.o
         2          0          0          0          0         68   use_no_semi_2.o
        98          4          0          0          0         92   d2f.o
       826         16          0          0          0        348   daddsub_clz.o
        16          4          0          0          0         68   dcheck1.o
       688        140          0          0          0        208   ddiv.o
        94          4          0          0          0         92   dfix.o
        84          0          0          0          0        136   dflt_clz.o
       340         12          0          0          0        104   dmul.o
       156          4          0          0          0         92   dnaninf.o
        12          0          0          0          0         68   dretinf.o
        86          4          0          0          0         84   f2d.o
       450          8          0          0          0        236   faddsub_clz.o
       388         76          0          0          0         96   fdiv.o
        62          4          0          0          0         84   ffixu.o
        38          0          0          0          0         68   fflt_clz.o
       258          4          0          0          0         84   fmul.o
       140          4          0          0          0         84   fnaninf.o
        10          0          0          0          0         68   fretinf.o
       100          0          0          0          0         68   retnan.o
        92          0          0          0          0         68   scalbn.o
        48          0          0          0          0         68   trapv.o
         0          0          0          0          0          0   usenofp.o
       252         22         48          0          0        124   cos_i.o
        34          6          0          0          0        204   dunder.o
        40          0          0          0          0         68   fpclassify.o
       170          0          0          0          0         96   poly.o
       904         76        200          0          0        140   rred.o
       160         10          0          0          0        108   sin.o
       236         12         40          0          0        128   sin_i.o

    ----------------------------------------------------------------------
      6180        426        288          0        100       3916   Library Totals
        28          0          0          0          4          0   (incl. Padding)

    ----------------------------------------------------------------------

      Code (inc. data)   RO Data    RW Data    ZI Data      Debug   Library Name

       370         16          0          0         96        832   c_w.l
      3986        284          0          0          0       2216   fz_ws.l
      1796        126        288          0          0        868   m_ws.l

    ----------------------------------------------------------------------
      6180        426        288          0        100       3916   Library Totals

    ----------------------------------------------------------------------

==============================================================================


      Code (inc. data)   RO Data    RW Data    ZI Data      Debug   

      7532        546        556         12       2148     232529   Grand Totals
      7532        546        556         12       2148     232529   ELF Image Totals
      7532        546        556         12          0          0   ROM Totals

==============================================================================

    Total RO  Size (Code + RO Data)                 8088 (   7.90kB)
    Total RW  Size (RW Data + ZI Data)              2160 (   2.11kB)
    Total ROM Size (Code + RO Data + RW Data)       8100 (   7.91kB)

==============================================================================

